------------------------------------------------------------
Timing Analyzer Summary
------------------------------------------------------------

Type  : Slow 1200mV 85C Model Setup 'CLK'
Slack : 17.230
TNS   : 0.000

Type  : Slow 1200mV 85C Model Setup 'ClkTxUART'
Slack : 991.445
TNS   : 0.000

Type  : Slow 1200mV 85C Model Hold 'CLK'
Slack : 0.311
TNS   : 0.000

Type  : Slow 1200mV 85C Model Hold 'ClkTxUART'
Slack : 0.331
TNS   : 0.000

Type  : Slow 1200mV 85C Model Minimum Pulse Width 'CLK'
Slack : 9.633
TNS   : 0.000

Type  : Slow 1200mV 85C Model Minimum Pulse Width 'ClkTxUART'
Slack : 999.635
TNS   : 0.000

Type  : Slow 1200mV 0C Model Setup 'CLK'
Slack : 17.455
TNS   : 0.000

Type  : Slow 1200mV 0C Model Setup 'ClkTxUART'
Slack : 992.216
TNS   : 0.000

Type  : Slow 1200mV 0C Model Hold 'CLK'
Slack : 0.280
TNS   : 0.000

Type  : Slow 1200mV 0C Model Hold 'ClkTxUART'
Slack : 0.299
TNS   : 0.000

Type  : Slow 1200mV 0C Model Minimum Pulse Width 'CLK'
Slack : 9.658
TNS   : 0.000

Type  : Slow 1200mV 0C Model Minimum Pulse Width 'ClkTxUART'
Slack : 999.685
TNS   : 0.000

Type  : Fast 1200mV 0C Model Setup 'CLK'
Slack : 18.579
TNS   : 0.000

Type  : Fast 1200mV 0C Model Setup 'ClkTxUART'
Slack : 995.783
TNS   : 0.000

Type  : Fast 1200mV 0C Model Hold 'CLK'
Slack : 0.132
TNS   : 0.000

Type  : Fast 1200mV 0C Model Hold 'ClkTxUART'
Slack : 0.151
TNS   : 0.000

Type  : Fast 1200mV 0C Model Minimum Pulse Width 'CLK'
Slack : 9.466
TNS   : 0.000

Type  : Fast 1200mV 0C Model Minimum Pulse Width 'ClkTxUART'
Slack : 999.644
TNS   : 0.000

------------------------------------------------------------
