Archive member included to satisfy reference by file (symbol)

c:/mingw/bin/../lib/gcc/mingw32/6.3.0/../../../libmingw32.a(CRTglob.o)
                              c:/mingw/bin/../lib/gcc/mingw32/6.3.0/../../../crt2.o (_CRT_glob)
c:/mingw/bin/../lib/gcc/mingw32/6.3.0/../../../libmingw32.a(setargv.o)
                              c:/mingw/bin/../lib/gcc/mingw32/6.3.0/../../../crt2.o (_setargv)
c:/mingw/bin/../lib/gcc/mingw32/6.3.0/../../../libmingw32.a(CRTfmode.o)
                              c:/mingw/bin/../lib/gcc/mingw32/6.3.0/../../../crt2.o (_CRT_fmode)
c:/mingw/bin/../lib/gcc/mingw32/6.3.0/../../../libmingw32.a(cpu_features.o)
                              c:/mingw/bin/../lib/gcc/mingw32/6.3.0/../../../crt2.o (__cpu_features_init)
c:/mingw/bin/../lib/gcc/mingw32/6.3.0/../../../libmingw32.a(CRT_fp10.o)
                              c:/mingw/bin/../lib/gcc/mingw32/6.3.0/../../../crt2.o (_CRT_fenv)
c:/mingw/bin/../lib/gcc/mingw32/6.3.0/../../../libmingw32.a(txtmode.o)
                              c:/mingw/bin/../lib/gcc/mingw32/6.3.0/../../../crt2.o (_fmode)
c:/mingw/bin/../lib/gcc/mingw32/6.3.0/../../../libmingw32.a(gccmain.o)
                              c:/mingw/bin/../lib/gcc/mingw32/6.3.0/../../../crt2.o (__main)
c:/mingw/bin/../lib/gcc/mingw32/6.3.0/../../../libmingw32.a(tlssup.o)
                              c:/mingw/bin/../lib/gcc/mingw32/6.3.0/../../../crt2.o (__dyn_tls_init_callback)
c:/mingw/bin/../lib/gcc/mingw32/6.3.0/../../../libmingw32.a(tlsthrd.o)
                              c:/mingw/bin/../lib/gcc/mingw32/6.3.0/../../../libmingw32.a(tlssup.o) (__mingw_TLScallback)
c:/mingw/bin/../lib/gcc/mingw32/6.3.0/../../../libmingw32.a(pseudo-reloc.o)
                              c:/mingw/bin/../lib/gcc/mingw32/6.3.0/../../../crt2.o (_pei386_runtime_relocator)
c:/mingw/bin/../lib/gcc/mingw32/6.3.0/../../../libmingw32.a(pseudo-reloc-list.o)
                              c:/mingw/bin/../lib/gcc/mingw32/6.3.0/../../../libmingw32.a(pseudo-reloc.o) (__RUNTIME_PSEUDO_RELOC_LIST__)
c:/mingw/bin/../lib/gcc/mingw32/6.3.0/../../../libmingw32.a(crtst.o)
                              c:/mingw/bin/../lib/gcc/mingw32/6.3.0/../../../libmingw32.a(tlssup.o) (_CRT_MT)
c:/mingw/bin/../lib/gcc/mingw32/6.3.0/libgcc.a(_chkstk_ms.o)
                              build\utest\obj\convolutional.o (__chkstk_ms)
c:/mingw/bin/../lib/gcc/mingw32/6.3.0/libgcc.a(_ctors.o)
                              c:/mingw/bin/../lib/gcc/mingw32/6.3.0/../../../libmingw32.a(gccmain.o) (__DTOR_LIST__)
c:/mingw/bin/../lib/gcc/mingw32/6.3.0/../../../libmingwex.a(fesetenv.o)
                              c:/mingw/bin/../lib/gcc/mingw32/6.3.0/../../../crt2.o (fesetenv)
c:/mingw/bin/../lib/gcc/mingw32/6.3.0/../../../libmingwex.a(fpclassifyf.o)
                              build\utest\obj\unity.o (__fpclassifyf)
c:/mingw/bin/../lib/gcc/mingw32/6.3.0/../../../libmingwex.a(isnanf.o)
                              build\utest\obj\unity.o (__isnanf)
c:/mingw/bin/../lib/gcc/mingw32/6.3.0/../../../libmingwex.a(glob.o)
                              c:/mingw/bin/../lib/gcc/mingw32/6.3.0/../../../libmingw32.a(setargv.o) (__mingw_glob)
c:/mingw/bin/../lib/gcc/mingw32/6.3.0/../../../libmingwex.a(dirname.o)
                              c:/mingw/bin/../lib/gcc/mingw32/6.3.0/../../../libmingwex.a(glob.o) (__mingw_dirname)
c:/mingw/bin/../lib/gcc/mingw32/6.3.0/../../../libmingwex.a(dirent.o)
                              c:/mingw/bin/../lib/gcc/mingw32/6.3.0/../../../libmingwex.a(glob.o) (__mingw_opendir)
c:/mingw/bin/../lib/gcc/mingw32/6.3.0/../../../libmsvcrt.a(djpvbs01325.o)
                              c:/mingw/bin/../lib/gcc/mingw32/6.3.0/../../../libmingwex.a(dirname.o) (wcstombs)
c:/mingw/bin/../lib/gcc/mingw32/6.3.0/../../../libmsvcrt.a(djpvbs01284.o)
                              c:/mingw/bin/../lib/gcc/mingw32/6.3.0/../../../libmingw32.a(pseudo-reloc.o) (vfprintf)
c:/mingw/bin/../lib/gcc/mingw32/6.3.0/../../../libmsvcrt.a(djpvbs01277.o)
                              c:/mingw/bin/../lib/gcc/mingw32/6.3.0/../../../libmingwex.a(glob.o) (tolower)
c:/mingw/bin/../lib/gcc/mingw32/6.3.0/../../../libmsvcrt.a(djpvbs01272.o)
                              build\utest\obj\extra.o (time)
c:/mingw/bin/../lib/gcc/mingw32/6.3.0/../../../libmsvcrt.a(djpvbs01249.o)
                              c:/mingw/bin/../lib/gcc/mingw32/6.3.0/../../../libmingw32.a(setargv.o) (strlen)
c:/mingw/bin/../lib/gcc/mingw32/6.3.0/../../../libmsvcrt.a(djpvbs01242.o)
                              c:/mingw/bin/../lib/gcc/mingw32/6.3.0/../../../libmingwex.a(glob.o) (strcoll)
c:/mingw/bin/../lib/gcc/mingw32/6.3.0/../../../libmsvcrt.a(djpvbs01235.o)
                              build\utest\obj\extra.o (srand)
c:/mingw/bin/../lib/gcc/mingw32/6.3.0/../../../libmsvcrt.a(djpvbs01234.o)
                              build\utest\obj\extra.o (sqrt)
c:/mingw/bin/../lib/gcc/mingw32/6.3.0/../../../libmsvcrt.a(djpvbs01230.o)
                              build\utest\obj\extra.o (sin)
[...]
Memory Configuration

Name             Origin             Length             Attributes
*default*        0x00000000         0xffffffff

Linker script and memory map

                0x00400000                __image_base__ = 0x400000
                0x00000000                __dll__ = 0x0
                0x00400000                ___ImageBase = 0x400000
                0x00001000                __section_alignment__ = 0x1000
                0x00000200                __file_alignment__ = 0x200
                0x00000004                __major_os_version__ = 0x4
                0x00000000                __minor_os_version__ = 0x0
                0x00000001                __major_image_version__ = 0x1
                0x00000000                __minor_image_version__ = 0x0
                0x00000004                __major_subsystem_version__ = 0x4
                0x00000000                __minor_subsystem_version__ = 0x0
                0x00000003                __subsystem__ = 0x3
                0x00200000                __size_of_stack_reserve__ = 0x200000
                0x00001000                __size_of_stack_commit__ = 0x1000
                0x00100000                __size_of_heap_reserve__ = 0x100000
                0x00001000                __size_of_heap_commit__ = 0x1000
                0x00000000                __loader_flags__ = 0x0
                0x00000000                __dll_characteristics__ = 0x0
LOAD c:/mingw/bin/../lib/gcc/mingw32/6.3.0/../../../crt2.o
LOAD c:/mingw/bin/../lib/gcc/mingw32/6.3.0/crtbegin.o
LOAD build\utest\obj\test_extra.o
LOAD build\utest\obj\test_convolutional.o
LOAD build\utest\obj\test_modulation.o
LOAD build\utest\obj\umain.o
LOAD build\utest\obj\convolutional.o
LOAD build\utest\obj\extra.o
LOAD build\utest\obj\modulation.o
LOAD build\utest\obj\unity.o
LOAD c:/mingw/bin/../lib/gcc/mingw32/6.3.0/../../../libm.a
LOAD c:/mingw/bin/../lib/gcc/mingw32/6.3.0/../../../libmingw32.a
LOAD c:/mingw/bin/../lib/gcc/mingw32/6.3.0/libgcc.a
LOAD c:/mingw/bin/../lib/gcc/mingw32/6.3.0/libgcc_eh.a
LOAD c:/mingw/bin/../lib/gcc/mingw32/6.3.0/../../../libmoldname.a
LOAD c:/mingw/bin/../lib/gcc/mingw32/6.3.0/../../../libmingwex.a
LOAD c:/mingw/bin/../lib/gcc/mingw32/6.3.0/../../../libmsvcrt.a
LOAD c:/mingw/bin/../lib/gcc/mingw32/6.3.0/../../../libadvapi32.a
LOAD c:/mingw/bin/../lib/gcc/mingw32/6.3.0/../../../libshell32.a
LOAD c:/mingw/bin/../lib/gcc/mingw32/6.3.0/../../../libuser32.a
LOAD c:/mingw/bin/../lib/gcc/mingw32/6.3.0/../../../libkernel32.a
LOAD c:/mingw/bin/../lib/gcc/mingw32/6.3.0/../../../libmingw32.a
LOAD c:/mingw/bin/../lib/gcc/mingw32/6.3.0/libgcc.a
LOAD c:/mingw/bin/../lib/gcc/mingw32/6.3.0/libgcc_eh.a
LOAD c:/mingw/bin/../lib/gcc/mingw32/6.3.0/../../../libmoldname.a
LOAD c:/mingw/bin/../lib/gcc/mingw32/6.3.0/../../../libmingwex.a
LOAD c:/mingw/bin/../lib/gcc/mingw32/6.3.0/../../../libmsvcrt.a
LOAD c:/mingw/bin/../lib/gcc/mingw32/6.3.0/crtend.o
                0x000003a8                . = SIZEOF_HEADERS
                0x00001000                . = ALIGN (__section_alignment__)

.text           0x00401000     0x8000
 *(.init)
 *(.text)
 .text          0x00401000      0x340 c:/mingw/bin/../lib/gcc/mingw32/6.3.0/../../../crt2.o
                0x004012a0                _mingw32_init_mainargs
                0x004012e0                mainCRTStartup
                0x00401300                WinMainCRTStartup
                0x00401320                atexit
                0x00401330                _onexit
 .text          0x00401340      0x120 c:/mingw/bin/../lib/gcc/mingw32/6.3.0/crtbegin.o
                0x00401340                __gcc_register_frame
                0x00401430                __gcc_deregister_frame
 .text          0x00401460      0x1cc build\utest\obj\test_extra.o
                0x00401460                run_extra_tests
 .text          0x0040162c      0x11c build\utest\obj\test_convolutional.o
                0x0040162c                run_convolutional_tests
 .text          0x00401748       0x9c build\utest\obj\test_modulation.o
                0x00401748                run_modulation_tests
 .text          0x004017e4       0xcc build\utest\obj\umain.o
                0x004017e4                setUp
                0x00401817                tearDown
                0x0040181d                print_divider
                0x00401840                main
 .text          0x004018b0     0x1418 build\utest\obj\convolutional.o
                0x004018b0                GetConvCP
                0x0040192e                GetTrellis
                0x00401b0c                ConvEncoder
                0x00401d39                HardConvDecoder
                0x00402355                CountByteOnes
                0x00402520                SoftConvDecoder
 .text          0x00402cc8      0xb80 build\utest\obj\extra.o
                0x00402cc8                CheckParam
                0x00402cce                PrintParam
                0x00402d91                RandBytGen
                0x00402dd6                ChanBSC
                0x00402ef2                ChanAWGN
                0x004030df                GetCpxSgnPower
                0x00403172                PrintByt
                0x00403239                PrintSym
                0x0040334c                PrintLLRs
                0x004033ed                PrintConvDiagr
                0x00403496                PrintTable
                0x0040359d                WriteBytCsv
                0x00403651                WriteSymCsv
                0x00403720                CheckWrongBits
 .text          0x00403848      0x650 build\utest\obj\modulation.o
                0x00403848                GetPskTable
                0x00403907                GetQamTable
                0x004039d5                GetGray
                0x00403aac                Mapper
                0x00403b99                HardDemapper
                0x00403d24                SoftDemapper
 .text          0x00403e98     0x27fc build\utest\obj\unity.o
                0x00403f41                UnityPrint
                0x00403f71                UnityPrintLen
                0x00404050                UnityPrintNumberByStyle
                0x00404168                UnityPrintNumber
                0x00404197                UnityPrintNumberUnsigned
                0x00404216                UnityPrintNumberHex
                0x0040428a                UnityPrintMask
                0x004042ec                UnityPrintFloat
                0x00404804                UnityConcludeTest
                0x00404a9c                UnityAssertBits
                0x00404b48                UnityAssertEqualNumber
                0x00404bef                UnityAssertGreaterOrLessOrEqualNumber
                0x00404d80                UnityAssertEqualIntArray
                0x004050f2                UnityAssertWithinFloatArray
                0x0040534a                UnityAssertFloatsWithin
                0x004053f8                UnityAssertFloatsNotWithin
                0x004054a6                UnityAssertGreaterOrLessFloat
                0x00405604                UnityAssertFloatSpecial
                0x004057c4                UnityAssertNumbersWithin
                0x00405910                UnityAssertNumbersArrayWithin
                0x00405c78                UnityAssertEqualString
                0x00405d6c                UnityAssertEqualStringLen
                0x00405e72                UnityAssertEqualStringArray
                0x0040607b                UnityAssertEqualMemory
                0x004062bb                UnityNumToPtr
                0x00406305                UnityFloatToPtr
                0x00406318                UnityFail
                0x00406405                UnityIgnore
                0x00406498                UnityMessage
                0x004064f6                UnityDefaultTestRun
                0x00406564                UnitySetTestFile
                0x00406572                UnityBegin
                0x004065da                UnityEnd
 .text          0x00406694        0x0 c:/mingw/bin/../lib/gcc/mingw32/6.3.0/../../../libmingw32.a(CRTglob.o)
 *fill*         0x00406694        0xc 
 .text          0x004066a0      0x3a0 c:/mingw/bin/../lib/gcc/mingw32/6.3.0/../../../libmingw32.a(setargv.o)
                0x004066a0                _setargv
 .text          0x00406a40        0x0 c:/mingw/bin/../lib/gcc/mingw32/6.3.0/../../../libmingw32.a(CRTfmode.o)
 .text          0x00406a40      0x110 c:/mingw/bin/../lib/gcc/mingw32/6.3.0/../../../libmingw32.a(cpu_features.o)
                0x00406a40                __cpu_features_init
 .text          0x00406b50        0x0 c:/mingw/bin/../lib/gcc/mingw32/6.3.0/../../../libmingw32.a(CRT_fp10.o)
 .text          0x00406b50        0x0 c:/mingw/bin/../lib/gcc/mingw32/6.3.0/../../../libmingw32.a(txtmode.o)
 .text          0x00406b50       0xa0 c:/mingw/bin/../lib/gcc/mingw32/6.3.0/../../../libmingw32.a(gccmain.o)
                0x00406b50                __do_global_dtors
                0x00406b80                __do_global_ctors
                0x00406bd0                __main
 .text          0x00406bf0       0xf0 c:/mingw/bin/../lib/gcc/mingw32/6.3.0/../../../libmingw32.a(tlssup.o)
                0x00406c40                __dyn_tls_init@12
                0x00406cd0                __tlregdtor
 .text          0x00406ce0      0x230 c:/mingw/bin/../lib/gcc/mingw32/6.3.0/../../../libmingw32.a(tlsthrd.o)
                0x00406d40                ___w64_mingwthr_add_key_dtor
                0x00406dd0                ___w64_mingwthr_remove_key_dtor
                0x00406e70                __mingw_TLScallback
 .text          0x00406f10      0x310 c:/mingw/bin/../lib/gcc/mingw32/6.3.0/../../../libmingw32.a(pseudo-reloc.o)
                0x00407050                _pei386_runtime_relocator
 .text          0x00407220        0x0 c:/mingw/bin/../lib/gcc/mingw32/6.3.0/../../../libmingw32.a(pseudo-reloc-list.o)
 .text          0x00407220        0x0 c:/mingw/bin/../lib/gcc/mingw32/6.3.0/../../../libmingw32.a(crtst.o)
 .text          0x00407220       0x2c c:/mingw/bin/../lib/gcc/mingw32/6.3.0/libgcc.a(_chkstk_ms.o)
                0x00407220                __chkstk_ms
 .text          0x0040724c        0x0 c:/mingw/bin/../lib/gcc/mingw32/6.3.0/libgcc.a(_ctors.o)
 *fill*         0x0040724c        0x4 
 .text          0x00407250       0x70 c:/mingw/bin/../lib/gcc/mingw32/6.3.0/../../../libmingwex.a(fesetenv.o)
                0x00407250                fesetenv
 .text          0x004072c0       0x20 c:/mingw/bin/../lib/gcc/mingw32/6.3.0/../../../libmingwex.a(fpclassifyf.o)
                0x004072c0                __fpclassifyf
 .text          0x004072e0       0x20 c:/mingw/bin/../lib/gcc/mingw32/6.3.0/../../../libmingwex.a(isnanf.o)
                0x004072e0                __isnanf
                0x004072e0                isnanf
 .text          0x00407300     0x1080 c:/mingw/bin/../lib/gcc/mingw32/6.3.0/../../../libmingwex.a(glob.o)
                0x00408230                __mingw_glob
                0x00408320                __mingw_globfree
 .text          0x00408380      0x400 c:/mingw/bin/../lib/gcc/mingw32/6.3.0/../../../libmingwex.a(dirname.o)
                0x00408380                __mingw_dirname
 .text          0x00408780      0x4f0 c:/mingw/bin/../lib/gcc/mingw32/6.3.0/../../../libmingwex.a(dirent.o)
                0x00408900                __mingw_opendir
                0x00408ac0                __mingw_readdir
                0x00408b10                __mingw_closedir
                0x00408b60                __mingw_rewinddir
                0x00408bc0                __mingw_telldir
                0x00408bf0                __mingw_seekdir
 .text          0x00408c70        0x8 c:/mingw/bin/../lib/gcc/mingw32/6.3.0/../../../libmsvcrt.a(djpvbs01325.o)
                0x00408c70                wcstombs
 .text          0x00408c78        0x8 c:/mingw/bin/../lib/gcc/mingw32/6.3.0/../../../libmsvcrt.a(djpvbs01284.o)
                0x00408c78                vfprintf
 .text          0x00408c80        0x8 c:/mingw/bin/../lib/gcc/mingw32/6.3.0/../../../libmsvcrt.a(djpvbs01277.o)
                0x00408c80                tolower
 .text          0x00408c88        0x8 c:/mingw/bin/../lib/gcc/mingw32/6.3.0/../../../libmsvcrt.a(djpvbs01272.o)
                0x00408c88                time
 .text          0x00408c90        0x8 c:/mingw/bin/../lib/gcc/mingw32/6.3.0/../../../libmsvcrt.a(djpvbs01249.o)
                0x00408c90                strlen
 .text          0x00408c98        0x8 c:/mingw/bin/../lib/gcc/mingw32/6.3.0/../../../libmsvcrt.a(djpvbs01242.o)
                0x00408c98                strcoll
 .text          0x00408ca0        0x8 c:/mingw/bin/../lib/gcc/mingw32/6.3.0/../../../libmsvcrt.a(djpvbs01235.o)
                0x00408ca0                srand
 .text          0x00408ca8        0x8 c:/mingw/bin/../lib/gcc/mingw32/6.3.0/../../../libmsvcrt.a(djpvbs01234.o)
                0x00408ca8                sqrt
 .text          0x00408cb0        0x8 c:/mingw/bin/../lib/gcc/mingw32/6.3.0/../../../libmsvcrt.a(djpvbs01230.o)
                0x00408cb0                sin
 .text          0x00408cb8        0x8 c:/mingw/bin/../lib/gcc/mingw32/6.3.0/../../../libmsvcrt.a(djpvbs01229.o)
                0x00408cb8                signal
 .text          0x00408cc0        0x8 c:/mingw/bin/../lib/gcc/mingw32/6.3.0/../../../libmsvcrt.a(djpvbs01227.o)
                0x00408cc0                setlocale
 .text          0x00408cc8        0x8 c:/mingw/bin/../lib/gcc/mingw32/6.3.0/../../../libmsvcrt.a(djpvbs01220.o)
                0x00408cc8                realloc
 .text          0x00408cd0        0x8 c:/mingw/bin/../lib/gcc/mingw32/6.3.0/../../../libmsvcrt.a(djpvbs01218.o)
                0x00408cd0                rand
 .text          0x00408cd8        0x8 c:/mingw/bin/../lib/gcc/mingw32/6.3.0/../../../libmsvcrt.a(djpvbs01212.o)
                0x00408cd8                puts
 .text          0x00408ce0        0x8 c:/mingw/bin/../lib/gcc/mingw32/6.3.0/../../../libmsvcrt.a(djpvbs01211.o)
                0x00408ce0                putchar
 .text          0x00408ce8        0x8 c:/mingw/bin/../lib/gcc/mingw32/6.3.0/../../../libmsvcrt.a(djpvbs01208.o)
                0x00408ce8                printf
 .text          0x00408cf0        0x8 c:/mingw/bin/../lib/gcc/mingw32/6.3.0/../../../libmsvcrt.a(djpvbs01207.o)
                0x00408cf0                pow
 .text          0x00408cf8        0x8 c:/mingw/bin/../lib/gcc/mingw32/6.3.0/../../../libmsvcrt.a(djpvbs01203.o)
                0x00408cf8                memset
 .text          0x00408d00        0x8 c:/mingw/bin/../lib/gcc/mingw32/6.3.0/../../../libmsvcrt.a(djpvbs01199.o)
                0x00408d00                memcpy
 .text          0x00408d08        0x8 c:/mingw/bin/../lib/gcc/mingw32/6.3.0/../../../libmsvcrt.a(djpvbs01194.o)
                0x00408d08                mbstowcs
 .text          0x00408d10        0x8 c:/mingw/bin/../lib/gcc/mingw32/6.3.0/../../../libmsvcrt.a(djpvbs01187.o)
                0x00408d10                malloc
 .text          0x00408d18        0x8 c:/mingw/bin/../lib/gcc/mingw32/6.3.0/../../../libmsvcrt.a(djpvbs01186.o)
                0x00408d18                longjmp
 .text          0x00408d20        0x8 c:/mingw/bin/../lib/gcc/mingw32/6.3.0/../../../libmsvcrt.a(djpvbs01184.o)
                0x00408d20                log
 .text          0x00408d28        0x8 c:/mingw/bin/../lib/gcc/mingw32/6.3.0/../../../libmsvcrt.a(djpvbs01142.o)
                0x00408d28                fwrite
 .text          0x00408d30        0x8 c:/mingw/bin/../lib/gcc/mingw32/6.3.0/../../../libmsvcrt.a(djpvbs01131.o)
                0x00408d30                free
 .text          0x00408d38        0x8 c:/mingw/bin/../lib/gcc/mingw32/6.3.0/../../../libmsvcrt.a(djpvbs01126.o)
                0x00408d38                fputc
 .text          0x00408d40        0x8 c:/mingw/bin/../lib/gcc/mingw32/6.3.0/../../../libmsvcrt.a(djpvbs01124.o)
                0x00408d40                fprintf
 .text          0x00408d48        0x8 c:/mingw/bin/../lib/gcc/mingw32/6.3.0/../../../libmsvcrt.a(djpvbs01122.o)
                0x00408d48                fopen
 .text          0x00408d50        0x8 c:/mingw/bin/../lib/gcc/mingw32/6.3.0/../../../libmsvcrt.a(djpvbs01111.o)
                0x00408d50                fclose
 .text          0x00408d58        0x8 c:/mingw/bin/../lib/gcc/mingw32/6.3.0/../../../libmsvcrt.a(djpvbs01109.o)
                0x00408d58                exp
 .text          0x00408d60        0x8 c:/mingw/bin/../lib/gcc/mingw32/6.3.0/../../../libmsvcrt.a(djpvbs01107.o)
                0x00408d60                div
 .text          0x00408d68        0x8 c:/mingw/bin/../lib/gcc/mingw32/6.3.0/../../../libmsvcrt.a(djpvbs01103.o)
                0x00408d68                cos
 .text          0x00408d70        0x8 c:/mingw/bin/../lib/gcc/mingw32/6.3.0/../../../libmsvcrt.a(djpvbs01098.o)
                0x00408d70                calloc
 .text          0x00408d78        0x0 c:/mingw/bin/../lib/gcc/mingw32/6.3.0/../../../libmsvcrt.a(djpvbs01091.o)
 .text          0x00408d78        0x8 c:/mingw/bin/../lib/gcc/mingw32/6.3.0/../../../libmsvcrt.a(djpvbs01083.o)
                0x00408d78                abort
 .text          0x00408d80        0x8 c:/mingw/bin/../lib/gcc/mingw32/6.3.0/../../../libmsvcrt.a(djpvbs00753.o)
                0x00408d80                _setmode
 .text          0x00408d88        0x8 c:/mingw/bin/../lib/gcc/mingw32/6.3.0/../../../libmsvcrt.a(djpvbs00749.o)
                0x00408d88                _setjmp
 .text          0x00408d90        0x0 c:/mingw/bin/../lib/gcc/mingw32/6.3.0/../../../libmsvcrt.a(djpvbs00698.o)
 .text          0x00408d90        0x0 c:/mingw/bin/../lib/gcc/mingw32/6.3.0/../../../libmsvcrt.a(djpvbs00689.o)
 .text          0x00408d90        0x8 c:/mingw/bin/../lib/gcc/mingw32/6.3.0/../../../libmsvcrt.a(djpvbs00422.o)
                0x00408d90                _isctype
 .text          0x00408d98        0x0 c:/mingw/bin/../lib/gcc/mingw32/6.3.0/../../../libmsvcrt.a(djpvbs00417.o)
 .text          0x00408d98        0x8 c:/mingw/bin/../lib/gcc/mingw32/6.3.0/../../../libmsvcrt.a(djpvbs00350.o)
                0x00408d98                _fullpath
 .text          0x00408da0        0x8 c:/mingw/bin/../lib/gcc/mingw32/6.3.0/../../../libmsvcrt.a(djpvbs00285.o)
                0x00408da0                _errno
 .text          0x00408da8        0x8 c:/mingw/bin/../lib/gcc/mingw32/6.3.0/../../../libmsvcrt.a(djpvbs00219.o)
                0x00408da8                _cexit
 .text          0x00408db0        0x8 c:/mingw/bin/../lib/gcc/mingw32/6.3.0/../../../libmsvcrt.a(djpvbs00133.o)
                0x00408db0                __p__fmode
 .text          0x00408db8        0x8 c:/mingw/bin/../lib/gcc/mingw32/6.3.0/../../../libmsvcrt.a(djpvbs00131.o)
                0x00408db8                __p__environ
 .text          0x00408dc0        0x0 c:/mingw/bin/../lib/gcc/mingw32/6.3.0/../../../libmsvcrt.a(djpvbs00119.o)
 .text          0x00408dc0        0x8 c:/mingw/bin/../lib/gcc/mingw32/6.3.0/../../../libmsvcrt.a(djpvbs00088.o)
                0x00408dc0                __getmainargs
 .text          0x00408dc8        0x0 c:/mingw/bin/../lib/gcc/mingw32/6.3.0/../../../libmsvcrt.a(djpvbh.o)
 .text          0x00408dc8        0x0 c:/mingw/bin/../lib/gcc/mingw32/6.3.0/../../../libmsvcrt.a(djpvbt.o)
 .text          0x00408dc8        0x8 c:/mingw/bin/../lib/gcc/mingw32/6.3.0/../../../libkernel32.a(dujcs01215.o)
                0x00408dc8                VirtualQuery@12
 .text          0x00408dd0        0x8 c:/mingw/bin/../lib/gcc/mingw32/6.3.0/../../../libkernel32.a(dujcs01213.o)
                0x00408dd0                VirtualProtect@16
 .text          0x00408dd8        0x8 c:/mingw/bin/../lib/gcc/mingw32/6.3.0/../../../libkernel32.a(dujcs01173.o)
                0x00408dd8                TlsGetValue@4
 .text          0x00408de0        0x8 c:/mingw/bin/../lib/gcc/mingw32/6.3.0/../../../libkernel32.a(dujcs01140.o)
                0x00408de0                SetUnhandledExceptionFilter@4
 .text          0x00408de8        0x8 c:/mingw/bin/../lib/gcc/mingw32/6.3.0/../../../libkernel32.a(dujcs00817.o)
                0x00408de8                LoadLibraryA@4
 .text          0x00408df0        0x8 c:/mingw/bin/../lib/gcc/mingw32/6.3.0/../../../libkernel32.a(dujcs00814.o)
                0x00408df0                LeaveCriticalSection@4
 .text          0x00408df8        0x8 c:/mingw/bin/../lib/gcc/mingw32/6.3.0/../../../libkernel32.a(dujcs00734.o)
                0x00408df8                InitializeCriticalSection@4
 .text          0x00408e00        0x8 c:/mingw/bin/../lib/gcc/mingw32/6.3.0/../../../libkernel32.a(dujcs00577.o)
                0x00408e00                GetProcAddress@8
 .text          0x00408e08        0x8 c:/mingw/bin/../lib/gcc/mingw32/6.3.0/../../../libkernel32.a(dujcs00529.o)
                0x00408e08                GetModuleHandleA@4
 .text          0x00408e10        0x8 c:/mingw/bin/../lib/gcc/mingw32/6.3.0/../../../libkernel32.a(dujcs00510.o)
                0x00408e10                GetLastError@0
 .text          0x00408e18        0x8 c:/mingw/bin/../lib/gcc/mingw32/6.3.0/../../../libkernel32.a(dujcs00388.o)
                0x00408e18                GetCommandLineA@0
 .text          0x00408e20        0x8 c:/mingw/bin/../lib/gcc/mingw32/6.3.0/../../../libkernel32.a(dujcs00352.o)
                0x00408e20                FreeLibrary@4
 .text          0x00408e28        0x8 c:/mingw/bin/../lib/gcc/mingw32/6.3.0/../../../libkernel32.a(dujcs00321.o)
                0x00408e28                FindNextFileA@8
 .text          0x00408e30        0x8 c:/mingw/bin/../lib/gcc/mingw32/6.3.0/../../../libkernel32.a(dujcs00304.o)
                0x00408e30                FindFirstFileA@8
 .text          0x00408e38        0x8 c:/mingw/bin/../lib/gcc/mingw32/6.3.0/../../../libkernel32.a(dujcs00300.o)
                0x00408e38                FindClose@4
 .text          0x00408e40        0x8 c:/mingw/bin/../lib/gcc/mingw32/6.3.0/../../../libkernel32.a(dujcs00279.o)
                0x00408e40                ExitProcess@4
 .text          0x00408e48        0x8 c:/mingw/bin/../lib/gcc/mingw32/6.3.0/../../../libkernel32.a(dujcs00236.o)
                0x00408e48                EnterCriticalSection@4
 .text          0x00408e50        0x8 c:/mingw/bin/../lib/gcc/mingw32/6.3.0/../../../libkernel32.a(dujcs00207.o)
                0x00408e50                DeleteCriticalSection@4
 .text          0x00408e58        0x0 c:/mingw/bin/../lib/gcc/mingw32/6.3.0/../../../libkernel32.a(dujch.o)
 .text          0x00408e58        0x0 c:/mingw/bin/../lib/gcc/mingw32/6.3.0/../../../libkernel32.a(dujct.o)
 .text          0x00408e58        0x8 c:/mingw/bin/../lib/gcc/mingw32/6.3.0/../../../libmoldname.a(dagwbs00082.o)
                0x00408e58                stricoll
 .text          0x00408e60        0x8 c:/mingw/bin/../lib/gcc/mingw32/6.3.0/../../../libmoldname.a(dagwbs00080.o)
                0x00408e60                strdup
 .text          0x00408e68        0x0 c:/mingw/bin/../lib/gcc/mingw32/6.3.0/../../../libmoldname.a(dagwbh.o)
 .text          0x00408e68        0x0 c:/mingw/bin/../lib/gcc/mingw32/6.3.0/../../../libmoldname.a(dagwbt.o)
 .text          0x00408e68        0x0 c:/mingw/bin/../lib/gcc/mingw32/6.3.0/crtend.o
 *(SORT(.text$*))
 *(.text.*)
 *fill*         0x00408e68        0x8 
 .text.startup  0x00408e70       0x10 c:/mingw/bin/../lib/gcc/mingw32/6.3.0/crtend.o
 *(.gnu.linkonce.t.*)
 *(.glue_7t)
 *(.glue_7)
                0x00408e80                ___CTOR_LIST__ = .
                0x00408e80                __CTOR_LIST__ = .
                0x00408e80        0x4 LONG 0xffffffff
 *(.ctors)
 *(.ctor)
 *(SORT(.ctors.*))
 .ctors.65535   0x00408e84        0x4 c:/mingw/bin/../lib/gcc/mingw32/6.3.0/crtend.o
                0x00408e88        0x4 LONG 0x0
                0x00408e8c                ___DTOR_LIST__ = .
                0x00408e8c                __DTOR_LIST__ = .
                0x00408e8c        0x4 LONG 0xffffffff
 *(.dtors)
 *(.dtor)
 *(SORT(.dtors.*))
                0x00408e90        0x4 LONG 0x0
 *(.fini)
 *(.gcc_exc)
                [!provide]                PROVIDE (etext, .)
                [!provide]                PROVIDE (_etext, .)
 *(.gcc_except_table)

.data           0x00409000      0x200
                0x00409000                __data_start__ = .
 *(.data)
 .data          0x00409000        0x0 c:/mingw/bin/../lib/gcc/mingw32/6.3.0/../../../crt2.o
 .data          0x00409000        0x4 c:/mingw/bin/../lib/gcc/mingw32/6.3.0/crtbegin.o
 .data          0x00409004        0x0 build\utest\obj\test_extra.o
 .data          0x00409004        0x0 build\utest\obj\test_convolutional.o
 .data          0x00409004        0x0 build\utest\obj\test_modulation.o
 .data          0x00409004        0x0 build\utest\obj\umain.o
 .data          0x00409004        0x0 build\utest\obj\convolutional.o
 .data          0x00409004        0x0 build\utest\obj\extra.o
 .data          0x00409004        0x0 build\utest\obj\modulation.o
 .data          0x00409004        0x0 build\utest\obj\unity.o
 .data          0x00409004        0x4 c:/mingw/bin/../lib/gcc/mingw32/6.3.0/../../../libmingw32.a(CRTglob.o)
                0x00409004                _CRT_glob
 .data          0x00409008        0x0 c:/mingw/bin/../lib/gcc/mingw32/6.3.0/../../../libmingw32.a(setargv.o)
 .data          0x00409008        0x0 c:/mingw/bin/../lib/gcc/mingw32/6.3.0/../../../libmingw32.a(CRTfmode.o)
 .data          0x00409008        0x0 c:/mingw/bin/../lib/gcc/mingw32/6.3.0/../../../libmingw32.a(cpu_features.o)
 .data          0x00409008        0x4 c:/mingw/bin/../lib/gcc/mingw32/6.3.0/../../../libmingw32.a(CRT_fp10.o)
                0x00409008                _CRT_fenv
 .data          0x0040900c        0x4 c:/mingw/bin/../lib/gcc/mingw32/6.3.0/../../../libmingw32.a(txtmode.o)
                0x0040900c                _fmode
 .data          0x00409010        0x4 c:/mingw/bin/../lib/gcc/mingw32/6.3.0/../../../libmingw32.a(gccmain.o)
 .data          0x00409014        0x0 c:/mingw/bin/../lib/gcc/mingw32/6.3.0/../../../libmingw32.a(tlssup.o)
 .data          0x00409014        0x0 c:/mingw/bin/../lib/gcc/mingw32/6.3.0/../../../libmingw32.a(tlsthrd.o)
 .data          0x00409014        0x0 c:/mingw/bin/../lib/gcc/mingw32/6.3.0/../../../libmingw32.a(pseudo-reloc.o)
 .data          0x00409014        0x0 c:/mingw/bin/../lib/gcc/mingw32/6.3.0/../../../libmingw32.a(pseudo-reloc-list.o)
 .data          0x00409014        0x0 c:/mingw/bin/../lib/gcc/mingw32/6.3.0/../../../libmingw32.a(crtst.o)
 .data          0x00409014        0x0 c:/mingw/bin/../lib/gcc/mingw32/6.3.0/libgcc.a(_chkstk_ms.o)
 .data          0x00409014        0x0 c:/mingw/bin/../lib/gcc/mingw32/6.3.0/libgcc.a(_ctors.o)
 .data          0x00409014        0x4 c:/mingw/bin/../lib/gcc/mingw32/6.3.0/../../../libmingwex.a(fesetenv.o)
 .data          0x00409018        0x0 c:/mingw/bin/../lib/gcc/mingw32/6.3.0/../../../libmingwex.a(fpclassifyf.o)
 .data          0x00409018        0x0 c:/mingw/bin/../lib/gcc/mingw32/6.3.0/../../../libmingwex.a(isnanf.o)
 .data          0x00409018        0x0 c:/mingw/bin/../lib/gcc/mingw32/6.3.0/../../../libmingwex.a(glob.o)
 .data          0x00409018        0x0 c:/mingw/bin/../lib/gcc/mingw32/6.3.0/../../../libmingwex.a(dirname.o)
 .data          0x00409018        0x0 c:/mingw/bin/../lib/gcc/mingw32/6.3.0/../../../libmingwex.a(dirent.o)
 .data          0x00409018        0x0 c:/mingw/bin/../lib/gcc/mingw32/6.3.0/../../../libmsvcrt.a(djpvbs01325.o)
 .data          0x00409018        0x0 c:/mingw/bin/../lib/gcc/mingw32/6.3.0/../../../libmsvcrt.a(djpvbs01284.o)
 .data          0x00409018        0x0 c:/mingw/bin/../lib/gcc/mingw32/6.3.0/../../../libmsvcrt.a(djpvbs01277.o)
 .data          0x00409018        0x0 c:/mingw/bin/../lib/gcc/mingw32/6.3.0/../../../libmsvcrt.a(djpvbs01272.o)
 .data          0x00409018        0x0 c:/mingw/bin/../lib/gcc/mingw32/6.3.0/../../../libmsvcrt.a(djpvbs01249.o)
 .data          0x00409018        0x0 c:/mingw/bin/../lib/gcc/mingw32/6.3.0/../../../libmsvcrt.a(djpvbs01242.o)
 .data          0x00409018        0x0 c:/mingw/bin/../lib/gcc/mingw32/6.3.0/../../../libmsvcrt.a(djpvbs01235.o)
 .data          0x00409018        0x0 c:/mingw/bin/../lib/gcc/mingw32/6.3.0/../../../libmsvcrt.a(djpvbs01234.o)
 .data          0x00409018        0x0 c:/mingw/bin/../lib/gcc/mingw32/6.3.0/../../../libmsvcrt.a(djpvbs01230.o)
 .data          0x00409018        0x0 c:/mingw/bin/../lib/gcc/mingw32/6.3.0/../../../libmsvcrt.a(djpvbs01229.o)
 .data          0x00409018        0x0 c:/mingw/bin/../lib/gcc/mingw32/6.3.0/../../../libmsvcrt.a(djpvbs01227.o)
 .data          0x00409018        0x0 c:/mingw/bin/../lib/gcc/mingw32/6.3.0/../../../libmsvcrt.a(djpvbs01220.o)
 .data          0x00409018        0x0 c:/mingw/bin/../lib/gcc/mingw32/6.3.0/../../../libmsvcrt.a(djpvbs01218.o)
 .data          0x00409018        0x0 c:/mingw/bin/../lib/gcc/mingw32/6.3.0/../../../libmsvcrt.a(djpvbs01212.o)
 .data          0x00409018        0x0 c:/mingw/bin/../lib/gcc/mingw32/6.3.0/../../../libmsvcrt.a(djpvbs01211.o)
 .data          0x00409018        0x0 c:/mingw/bin/../lib/gcc/mingw32/6.3.0/../../../libmsvcrt.a(djpvbs01208.o)
 .data          0x00409018        0x0 c:/mingw/bin/../lib/gcc/mingw32/6.3.0/../../../libmsvcrt.a(djpvbs01207.o)
 .data          0x00409018        0x0 c:/mingw/bin/../lib/gcc/mingw32/6.3.0/../../../libmsvcrt.a(djpvbs01203.o)
 .data          0x00409018        0x0 c:/mingw/bin/../lib/gcc/mingw32/6.3.0/../../../libmsvcrt.a(djpvbs01199.o)
 .data          0x00409018        0x0 c:/mingw/bin/../lib/gcc/mingw32/6.3.0/../../../libmsvcrt.a(djpvbs01194.o)
 .data          0x00409018        0x0 c:/mingw/bin/../lib/gcc/mingw32/6.3.0/../../../libmsvcrt.a(djpvbs01187.o)
 .data          0x00409018        0x0 c:/mingw/bin/../lib/gcc/mingw32/6.3.0/../../../libmsvcrt.a(djpvbs01186.o)
 .data          0x00409018        0x0 c:/mingw/bin/../lib/gcc/mingw32/6.3.0/../../../libmsvcrt.a(djpvbs01184.o)
 .data          0x00409018        0x0 c:/mingw/bin/../lib/gcc/mingw32/6.3.0/../../../libmsvcrt.a(djpvbs01142.o)
 .data          0x00409018        0x0 c:/mingw/bin/../lib/gcc/mingw32/6.3.0/../../../libmsvcrt.a(djpvbs01131.o)
 .data          0x00409018        0x0 c:/mingw/bin/../lib/gcc/mingw32/6.3.0/../../../libmsvcrt.a(djpvbs01126.o)
 .data          0x00409018        0x0 c:/mingw/bin/../lib/gcc/mingw32/6.3.0/../../../libmsvcrt.a(djpvbs01124.o)
 .data          0x00409018        0x0 c:/mingw/bin/../lib/gcc/mingw32/6.3.0/../../../libmsvcrt.a(djpvbs01122.o)
 .data          0x00409018        0x0 c:/mingw/bin/../lib/gcc/mingw32/6.3.0/../../../libmsvcrt.a(djpvbs01111.o)
 .data          0x00409018        0x0 c:/mingw/bin/../lib/gcc/mingw32/6.3.0/../../../libmsvcrt.a(djpvbs01109.o)
 .data          0x00409018        0x0 c:/mingw/bin/../lib/gcc/mingw32/6.3.0/../../../libmsvcrt.a(djpvbs01107.o)
 .data          0x00409018        0x0 c:/mingw/bin/../lib/gcc/mingw32/6.3.0/../../../libmsvcrt.a(djpvbs01103.o)
 .data          0x00409018        0x0 c:/mingw/bin/../lib/gcc/mingw32/6.3.0/../../../libmsvcrt.a(djpvbs01098.o)
 .data          0x00409018        0x0 c:/mingw/bin/../lib/gcc/mingw32/6.3.0/../../../libmsvcrt.a(djpvbs01091.o)
 .data          0x00409018        0x0 c:/mingw/bin/../lib/gcc/mingw32/6.3.0/../../../libmsvcrt.a(djpvbs01083.o)
 .data          0x00409018        0x0 c:/mingw/bin/../lib/gcc/mingw32/6.3.0/../../../libmsvcrt.a(djpvbs00753.o)
 .data          0x00409018        0x0 c:/mingw/bin/../lib/gcc/mingw32/6.3.0/../../../libmsvcrt.a(djpvbs00749.o)
 .data          0x00409018        0x0 c:/mingw/bin/../lib/gcc/mingw32/6.3.0/../../../libmsvcrt.a(djpvbs00698.o)
 .data          0x00409018        0x0 c:/mingw/bin/../lib/gcc/mingw32/6.3.0/../../../libmsvcrt.a(djpvbs00689.o)
 .data          0x00409018        0x0 c:/mingw/bin/../lib/gcc/mingw32/6.3.0/../../../libmsvcrt.a(djpvbs00422.o)
 .data          0x00409018        0x0 c:/mingw/bin/../lib/gcc/mingw32/6.3.0/../../../libmsvcrt.a(djpvbs00417.o)
 .data          0x00409018        0x0 c:/mingw/bin/../lib/gcc/mingw32/6.3.0/../../../libmsvcrt.a(djpvbs00350.o)
 .data          0x00409018        0x0 c:/mingw/bin/../lib/gcc/mingw32/6.3.0/../../../libmsvcrt.a(djpvbs00324.o)
 .data          0x00409018        0x0 c:/mingw/bin/../lib/gcc/mingw32/6.3.0/../../../libmsvcrt.a(djpvbs00285.o)
 .data          0x00409018        0x0 c:/mingw/bin/../lib/gcc/mingw32/6.3.0/../../../libmsvcrt.a(djpvbs00219.o)
 .data          0x00409018        0x0 c:/mingw/bin/../lib/gcc/mingw32/6.3.0/../../../libmsvcrt.a(djpvbs00153.o)
 .data          0x00409018        0x0 c:/mingw/bin/../lib/gcc/mingw32/6.3.0/../../../libmsvcrt.a(djpvbs00133.o)
 .data          0x00409018        0x0 c:/mingw/bin/../lib/gcc/mingw32/6.3.0/../../../libmsvcrt.a(djpvbs00131.o)
 .data          0x00409018        0x0 c:/mingw/bin/../lib/gcc/mingw32/6.3.0/../../../libmsvcrt.a(djpvbs00119.o)
 .data          0x00409018        0x0 c:/mingw/bin/../lib/gcc/mingw32/6.3.0/../../../libmsvcrt.a(djpvbs00088.o)
 .data          0x00409018        0x0 c:/mingw/bin/../lib/gcc/mingw32/6.3.0/../../../libmsvcrt.a(djpvbh.o)
 .data          0x00409018        0x0 c:/mingw/bin/../lib/gcc/mingw32/6.3.0/../../../libmsvcrt.a(djpvbt.o)
 .data          0x00409018        0x0 c:/mingw/bin/../lib/gcc/mingw32/6.3.0/../../../libkernel32.a(dujcs01215.o)
 .data          0x00409018        0x0 c:/mingw/bin/../lib/gcc/mingw32/6.3.0/../../../libkernel32.a(dujcs01213.o)
 .data          0x00409018        0x0 c:/mingw/bin/../lib/gcc/mingw32/6.3.0/../../../libkernel32.a(dujcs01173.o)
 .data          0x00409018        0x0 c:/mingw/bin/../lib/gcc/mingw32/6.3.0/../../../libkernel32.a(dujcs01140.o)
 .data          0x00409018        0x0 c:/mingw/bin/../lib/gcc/mingw32/6.3.0/../../../libkernel32.a(dujcs00817.o)
 .data          0x00409018        0x0 c:/mingw/bin/../lib/gcc/mingw32/6.3.0/../../../libkernel32.a(dujcs00814.o)
 .data          0x00409018        0x0 c:/mingw/bin/../lib/gcc/mingw32/6.3.0/../../../libkernel32.a(dujcs00734.o)
 .data          0x00409018        0x0 c:/mingw/bin/../lib/gcc/mingw32/6.3.0/../../../libkernel32.a(dujcs00577.o)
 .data          0x00409018        0x0 c:/mingw/bin/../lib/gcc/mingw32/6.3.0/../../../libkernel32.a(dujcs00529.o)
 .data          0x00409018        0x0 c:/mingw/bin/../lib/gcc/mingw32/6.3.0/../../../libkernel32.a(dujcs00510.o)
 .data          0x00409018        0x0 c:/mingw/bin/../lib/gcc/mingw32/6.3.0/../../../libkernel32.a(dujcs00388.o)
 .data          0x00409018        0x0 c:/mingw/bin/../lib/gcc/mingw32/6.3.0/../../../libkernel32.a(dujcs00352.o)
 .data          0x00409018        0x0 c:/mingw/bin/../lib/gcc/mingw32/6.3.0/../../../libkernel32.a(dujcs00321.o)
 .data          0x00409018        0x0 c:/mingw/bin/../lib/gcc/mingw32/6.3.0/../../../libkernel32.a(dujcs00304.o)
 .data          0x00409018        0x0 c:/mingw/bin/../lib/gcc/mingw32/6.3.0/../../../libkernel32.a(dujcs00300.o)
 .data          0x00409018        0x0 c:/mingw/bin/../lib/gcc/mingw32/6.3.0/../../../libkernel32.a(dujcs00279.o)
 .data          0x00409018        0x0 c:/mingw/bin/../lib/gcc/mingw32/6.3.0/../../../libkernel32.a(dujcs00236.o)
 .data          0x00409018        0x0 c:/mingw/bin/../lib/gcc/mingw32/6.3.0/../../../libkernel32.a(dujcs00207.o)
 .data          0x00409018        0x0 c:/mingw/bin/../lib/gcc/mingw32/6.3.0/../../../libkernel32.a(dujch.o)
 .data          0x00409018        0x0 c:/mingw/bin/../lib/gcc/mingw32/6.3.0/../../../libkernel32.a(dujct.o)
 .data          0x00409018        0x0 c:/mingw/bin/../lib/gcc/mingw32/6.3.0/../../../libmoldname.a(dagwbs00082.o)
 .data          0x00409018        0x0 c:/mingw/bin/../lib/gcc/mingw32/6.3.0/../../../libmoldname.a(dagwbs00080.o)
 .data          0x00409018        0x0 c:/mingw/bin/../lib/gcc/mingw32/6.3.0/../../../libmoldname.a(dagwbh.o)
 .data          0x00409018        0x0 c:/mingw/bin/../lib/gcc/mingw32/6.3.0/../../../libmoldname.a(dagwbt.o)
 .data          0x00409018        0x0 c:/mingw/bin/../lib/gcc/mingw32/6.3.0/crtend.o
 *(.data2)
 *(SORT(.data$*))
 *(.jcr)
 .jcr           0x00409018        0x0 c:/mingw/bin/../lib/gcc/mingw32/6.3.0/crtbegin.o
 .jcr           0x00409018        0x4 c:/mingw/bin/../lib/gcc/mingw32/6.3.0/crtend.o
                0x0040901c                __data_end__ = .
 *(.data_cygwin_nocopy)

.rdata          0x0040a000      0xc00
 *(.rdata)
 .rdata         0x0040a000       0x64 c:/mingw/bin/../lib/gcc/mingw32/6.3.0/crtbegin.o
 .rdata         0x0040a064       0xa0 build\utest\obj\test_extra.o
 .rdata         0x0040a104       0x30 build\utest\obj\test_convolutional.o
 .rdata         0x0040a134       0x24 build\utest\obj\test_modulation.o
 .rdata         0x0040a158       0x24 build\utest\obj\umain.o
 *fill*         0x0040a17c        0x4 
 .rdata         0x0040a180      0x280 build\utest\obj\extra.o
 .rdata         0x0040a400       0x30 build\utest\obj\modulation.o
 *fill*         0x0040a430       0x10 
 .rdata         0x0040a440      0x2e0 build\utest\obj\unity.o
                0x0040a440                UnityStrOk
                0x0040a444                UnityStrPass
                0x0040a44c                UnityStrFail
                0x0040a454                UnityStrIgnore
                0x0040a5e0                UnityStrErrShorthand
                0x0040a604                UnityStrErrFloat
                0x0040a640                UnityStrErrDouble
                0x0040a660                UnityStrErr64
 .rdata         0x0040a720        0x4 c:/mingw/bin/../lib/gcc/mingw32/6.3.0/../../../libmingw32.a(tlssup.o)
                0x0040a720                __dyn_tls_init_callback
 .rdata         0x0040a724       0xac c:/mingw/bin/../lib/gcc/mingw32/6.3.0/../../../libmingw32.a(pseudo-reloc.o)
 .rdata         0x0040a7d0       0x14 c:/mingw/bin/../lib/gcc/mingw32/6.3.0/../../../libmingwex.a(glob.o)
 .rdata         0x0040a7e4        0x8 c:/mingw/bin/../lib/gcc/mingw32/6.3.0/../../../libmingwex.a(dirname.o)
 *(SORT(.rdata$*))
 .rdata$zzz     0x0040a7ec       0x14 c:/mingw/bin/../lib/gcc/mingw32/6.3.0/../../../crt2.o
 .rdata$zzz     0x0040a800       0x14 c:/mingw/bin/../lib/gcc/mingw32/6.3.0/crtbegin.o
 .rdata$zzz     0x0040a814       0x24 build\utest\obj\test_extra.o
 .rdata$zzz     0x0040a838       0x24 build\utest\obj\test_convolutional.o
 .rdata$zzz     0x0040a85c       0x24 build\utest\obj\test_modulation.o
 .rdata$zzz     0x0040a880       0x24 build\utest\obj\umain.o
 .rdata$zzz     0x0040a8a4       0x24 build\utest\obj\convolutional.o
 .rdata$zzz     0x0040a8c8       0x24 build\utest\obj\extra.o
 .rdata$zzz     0x0040a8ec       0x24 build\utest\obj\modulation.o
 .rdata$zzz     0x0040a910       0x24 build\utest\obj\unity.o
 .rdata$zzz     0x0040a934       0x14 c:/mingw/bin/../lib/gcc/mingw32/6.3.0/../../../libmingw32.a(CRTglob.o)
 .rdata$zzz     0x0040a948       0x14 c:/mingw/bin/../lib/gcc/mingw32/6.3.0/../../../libmingw32.a(setargv.o)
 .rdata$zzz     0x0040a95c       0x14 c:/mingw/bin/../lib/gcc/mingw32/6.3.0/../../../libmingw32.a(CRTfmode.o)
 .rdata$zzz     0x0040a970       0x14 c:/mingw/bin/../lib/gcc/mingw32/6.3.0/../../../libmingw32.a(CRT_fp10.o)
 .rdata$zzz     0x0040a984       0x14 c:/mingw/bin/../lib/gcc/mingw32/6.3.0/../../../libmingw32.a(txtmode.o)
 .rdata$zzz     0x0040a998       0x14 c:/mingw/bin/../lib/gcc/mingw32/6.3.0/../../../libmingw32.a(gccmain.o)
 .rdata$zzz     0x0040a9ac       0x14 c:/mingw/bin/../lib/gcc/mingw32/6.3.0/../../../libmingw32.a(tlssup.o)
 .rdata$zzz     0x0040a9c0       0x14 c:/mingw/bin/../lib/gcc/mingw32/6.3.0/../../../libmingw32.a(tlsthrd.o)
 .rdata$zzz     0x0040a9d4       0x14 c:/mingw/bin/../lib/gcc/mingw32/6.3.0/../../../libmingw32.a(pseudo-reloc.o)
 .rdata$zzz     0x0040a9e8       0x14 c:/mingw/bin/../lib/gcc/mingw32/6.3.0/../../../libmingw32.a(pseudo-reloc-list.o)
 .rdata$zzz     0x0040a9fc       0x14 c:/mingw/bin/../lib/gcc/mingw32/6.3.0/../../../libmingw32.a(crtst.o)
 .rdata$zzz     0x0040aa10       0x14 c:/mingw/bin/../lib/gcc/mingw32/6.3.0/libgcc.a(_ctors.o)
 .rdata$zzz     0x0040aa24       0x14 c:/mingw/bin/../lib/gcc/mingw32/6.3.0/../../../libmingwex.a(fesetenv.o)
 .rdata$zzz     0x0040aa38       0x14 c:/mingw/bin/../lib/gcc/mingw32/6.3.0/../../../libmingwex.a(fpclassifyf.o)
 .rdata$zzz     0x0040aa4c       0x14 c:/mingw/bin/../lib/gcc/mingw32/6.3.0/../../../libmingwex.a(isnanf.o)
 .rdata$zzz     0x0040aa60       0x14 c:/mingw/bin/../lib/gcc/mingw32/6.3.0/../../../libmingwex.a(glob.o)
 .rdata$zzz     0x0040aa74       0x14 c:/mingw/bin/../lib/gcc/mingw32/6.3.0/../../../libmingwex.a(dirname.o)
 .rdata$zzz     0x0040aa88       0x14 c:/mingw/bin/../lib/gcc/mingw32/6.3.0/../../../libmingwex.a(dirent.o)
 .rdata$zzz     0x0040aa9c       0x14 c:/mingw/bin/../lib/gcc/mingw32/6.3.0/crtend.o
                0x0040aab0                __rt_psrelocs_start = .
 *(.rdata_runtime_pseudo_reloc)
                0x0040aab0                __rt_psrelocs_end = .
                0x00000000                __rt_psrelocs_size = (__rt_psrelocs_end - __rt_psrelocs_start)
                0x0040aab0                ___RUNTIME_PSEUDO_RELOC_LIST_END__ = .
                0x0040aab0                __RUNTIME_PSEUDO_RELOC_LIST_END__ = .
                0x0040aab0                ___RUNTIME_PSEUDO_RELOC_LIST__ = (. - __rt_psrelocs_size)
                0x0040aab0                __RUNTIME_PSEUDO_RELOC_LIST__ = (. - __rt_psrelocs_size)

.eh_frame       0x0040b000     0x1600
 *(.eh_frame*)
 .eh_frame      0x0040b000       0xb8 c:/mingw/bin/../lib/gcc/mingw32/6.3.0/../../../crt2.o
 .eh_frame      0x0040b0b8       0x64 c:/mingw/bin/../lib/gcc/mingw32/6.3.0/crtbegin.o
                0x0040b0b8                __EH_FRAME_BEGIN__
 .eh_frame      0x0040b11c       0x98 build\utest\obj\test_extra.o
 .eh_frame      0x0040b1b4       0x58 build\utest\obj\test_convolutional.o
 .eh_frame      0x0040b20c       0x58 build\utest\obj\test_modulation.o
 .eh_frame      0x0040b264       0x98 build\utest\obj\umain.o
 .eh_frame      0x0040b2fc      0x1cc build\utest\obj\convolutional.o
 .eh_frame      0x0040b4c8      0x1f0 build\utest\obj\extra.o
 .eh_frame      0x0040b6b8       0xfc build\utest\obj\modulation.o
 .eh_frame      0x0040b7b4      0x538 build\utest\obj\unity.o
 .eh_frame      0x0040bcec       0x58 c:/mingw/bin/../lib/gcc/mingw32/6.3.0/../../../libmingw32.a(setargv.o)
 .eh_frame      0x0040bd44       0x40 c:/mingw/bin/../lib/gcc/mingw32/6.3.0/../../../libmingw32.a(cpu_features.o)
 .eh_frame      0x0040bd84       0x68 c:/mingw/bin/../lib/gcc/mingw32/6.3.0/../../../libmingw32.a(gccmain.o)
 .eh_frame      0x0040bdec       0x88 c:/mingw/bin/../lib/gcc/mingw32/6.3.0/../../../libmingw32.a(tlssup.o)
 .eh_frame      0x0040be74      0x108 c:/mingw/bin/../lib/gcc/mingw32/6.3.0/../../../libmingw32.a(tlsthrd.o)
 .eh_frame      0x0040bf7c       0xd8 c:/mingw/bin/../lib/gcc/mingw32/6.3.0/../../../libmingw32.a(pseudo-reloc.o)
 .eh_frame      0x0040c054       0x34 c:/mingw/bin/../lib/gcc/mingw32/6.3.0/../../../libmingwex.a(fesetenv.o)
 .eh_frame      0x0040c088       0x2c c:/mingw/bin/../lib/gcc/mingw32/6.3.0/../../../libmingwex.a(fpclassifyf.o)
 .eh_frame      0x0040c0b4       0x2c c:/mingw/bin/../lib/gcc/mingw32/6.3.0/../../../libmingwex.a(isnanf.o)
 .eh_frame      0x0040c0e0      0x25c c:/mingw/bin/../lib/gcc/mingw32/6.3.0/../../../libmingwex.a(glob.o)
 .eh_frame      0x0040c33c       0x58 c:/mingw/bin/../lib/gcc/mingw32/6.3.0/../../../libmingwex.a(dirname.o)
 .eh_frame      0x0040c394      0x1c4 c:/mingw/bin/../lib/gcc/mingw32/6.3.0/../../../libmingwex.a(dirent.o)
 .eh_frame      0x0040c558       0x3c c:/mingw/bin/../lib/gcc/mingw32/6.3.0/crtend.o

.pdata
 *(.pdata*)

.bss            0x0040d000       0xe8
                0x0040d000                __bss_start__ = .
 *(.bss)
 .bss           0x0040d000        0x8 c:/mingw/bin/../lib/gcc/mingw32/6.3.0/../../../crt2.o
                0x0040d000                _argv
                0x0040d004                _argc
 .bss           0x0040d008       0x18 c:/mingw/bin/../lib/gcc/mingw32/6.3.0/crtbegin.o
 .bss           0x0040d020        0x0 build\utest\obj\test_extra.o
 .bss           0x0040d020        0x0 build\utest\obj\test_convolutional.o
 .bss           0x0040d020        0x0 build\utest\obj\test_modulation.o
 .bss           0x0040d020        0x4 build\utest\obj\umain.o
 .bss           0x0040d024        0x0 build\utest\obj\convolutional.o
 .bss           0x0040d024        0x0 build\utest\obj\extra.o
 .bss           0x0040d024        0x0 build\utest\obj\modulation.o
 .bss           0x0040d024        0x4 build\utest\obj\unity.o
 .bss           0x0040d028        0x0 c:/mingw/bin/../lib/gcc/mingw32/6.3.0/../../../libmingw32.a(CRTglob.o)
 .bss           0x0040d028        0x0 c:/mingw/bin/../lib/gcc/mingw32/6.3.0/../../../libmingw32.a(setargv.o)
 .bss           0x0040d028        0x4 c:/mingw/bin/../lib/gcc/mingw32/6.3.0/../../../libmingw32.a(CRTfmode.o)
                0x0040d028                _CRT_fmode
 .bss           0x0040d02c        0x4 c:/mingw/bin/../lib/gcc/mingw32/6.3.0/../../../libmingw32.a(cpu_features.o)
                0x0040d02c                __cpu_features
 .bss           0x0040d030        0x0 c:/mingw/bin/../lib/gcc/mingw32/6.3.0/../../../libmingw32.a(CRT_fp10.o)
 .bss           0x0040d030        0x0 c:/mingw/bin/../lib/gcc/mingw32/6.3.0/../../../libmingw32.a(txtmode.o)
 .bss           0x0040d030        0x4 c:/mingw/bin/../lib/gcc/mingw32/6.3.0/../../../libmingw32.a(gccmain.o)
 .bss           0x0040d034       0x10 c:/mingw/bin/../lib/gcc/mingw32/6.3.0/../../../libmingw32.a(tlssup.o)
                0x0040d034                mingw_initltssuo_force
                0x0040d038                mingw_initltsdyn_force
                0x0040d03c                mingw_initltsdrot_force
                0x0040d040                _tls_index
 .bss           0x0040d044       0x20 c:/mingw/bin/../lib/gcc/mingw32/6.3.0/../../../libmingw32.a(tlsthrd.o)
 .bss           0x0040d064        0x4 c:/mingw/bin/../lib/gcc/mingw32/6.3.0/../../../libmingw32.a(pseudo-reloc.o)
 .bss           0x0040d068        0x4 c:/mingw/bin/../lib/gcc/mingw32/6.3.0/../../../libmingw32.a(pseudo-reloc-list.o)
 .bss           0x0040d06c        0x4 c:/mingw/bin/../lib/gcc/mingw32/6.3.0/../../../libmingw32.a(crtst.o)
                0x0040d06c                _CRT_MT
 .bss           0x0040d070        0x0 c:/mingw/bin/../lib/gcc/mingw32/6.3.0/libgcc.a(_chkstk_ms.o)
 .bss           0x0040d070        0x0 c:/mingw/bin/../lib/gcc/mingw32/6.3.0/libgcc.a(_ctors.o)
 .bss           0x0040d070        0x0 c:/mingw/bin/../lib/gcc/mingw32/6.3.0/../../../libmingwex.a(fesetenv.o)
 .bss           0x0040d070        0x0 c:/mingw/bin/../lib/gcc/mingw32/6.3.0/../../../libmingwex.a(fpclassifyf.o)
 .bss           0x0040d070        0x0 c:/mingw/bin/../lib/gcc/mingw32/6.3.0/../../../libmingwex.a(isnanf.o)
 .bss           0x0040d070        0x0 c:/mingw/bin/../lib/gcc/mingw32/6.3.0/../../../libmingwex.a(glob.o)
 .bss           0x0040d070        0x4 c:/mingw/bin/../lib/gcc/mingw32/6.3.0/../../../libmingwex.a(dirname.o)
 .bss           0x0040d074        0x0 c:/mingw/bin/../lib/gcc/mingw32/6.3.0/../../../libmingwex.a(dirent.o)
 .bss           0x0040d074        0x0 c:/mingw/bin/../lib/gcc/mingw32/6.3.0/../../../libmsvcrt.a(djpvbs01325.o)
 .bss           0x0040d074        0x0 c:/mingw/bin/../lib/gcc/mingw32/6.3.0/../../../libmsvcrt.a(djpvbs01284.o)
 .bss           0x0040d074        0x0 c:/mingw/bin/../lib/gcc/mingw32/6.3.0/../../../libmsvcrt.a(djpvbs01277.o)
 .bss           0x0040d074        0x0 c:/mingw/bin/../lib/gcc/mingw32/6.3.0/../../../libmsvcrt.a(djpvbs01272.o)
 .bss           0x0040d074        0x0 c:/mingw/bin/../lib/gcc/mingw32/6.3.0/../../../libmsvcrt.a(djpvbs01249.o)
 .bss           0x0040d074        0x0 c:/mingw/bin/../lib/gcc/mingw32/6.3.0/../../../libmsvcrt.a(djpvbs01242.o)
 .bss           0x0040d074        0x0 c:/mingw/bin/../lib/gcc/mingw32/6.3.0/../../../libmsvcrt.a(djpvbs01235.o)
 .bss           0x0040d074        0x0 c:/mingw/bin/../lib/gcc/mingw32/6.3.0/../../../libmsvcrt.a(djpvbs01234.o)
 .bss           0x0040d074        0x0 c:/mingw/bin/../lib/gcc/mingw32/6.3.0/../../../libmsvcrt.a(djpvbs01230.o)
 .bss           0x0040d074        0x0 c:/mingw/bin/../lib/gcc/mingw32/6.3.0/../../../libmsvcrt.a(djpvbs01229.o)
 .bss           0x0040d074        0x0 c:/mingw/bin/../lib/gcc/mingw32/6.3.0/../../../libmsvcrt.a(djpvbs01227.o)
 .bss           0x0040d074        0x0 c:/mingw/bin/../lib/gcc/mingw32/6.3.0/../../../libmsvcrt.a(djpvbs01220.o)
 .bss           0x0040d074        0x0 c:/mingw/bin/../lib/gcc/mingw32/6.3.0/../../../libmsvcrt.a(djpvbs01218.o)
 .bss           0x0040d074        0x0 c:/mingw/bin/../lib/gcc/mingw32/6.3.0/../../../libmsvcrt.a(djpvbs01212.o)
 .bss           0x0040d074        0x0 c:/mingw/bin/../lib/gcc/mingw32/6.3.0/../../../libmsvcrt.a(djpvbs01211.o)
 .bss           0x0040d074        0x0 c:/mingw/bin/../lib/gcc/mingw32/6.3.0/../../../libmsvcrt.a(djpvbs01208.o)
 .bss           0x0040d074        0x0 c:/mingw/bin/../lib/gcc/mingw32/6.3.0/../../../libmsvcrt.a(djpvbs01207.o)
 .bss           0x0040d074        0x0 c:/mingw/bin/../lib/gcc/mingw32/6.3.0/../../../libmsvcrt.a(djpvbs01203.o)
 .bss           0x0040d074        0x0 c:/mingw/bin/../lib/gcc/mingw32/6.3.0/../../../libmsvcrt.a(djpvbs01199.o)
 .bss           0x0040d074        0x0 c:/mingw/bin/../lib/gcc/mingw32/6.3.0/../../../libmsvcrt.a(djpvbs01194.o)
 .bss           0x0040d074        0x0 c:/mingw/bin/../lib/gcc/mingw32/6.3.0/../../../libmsvcrt.a(djpvbs01187.o)
 .bss           0x0040d074        0x0 c:/mingw/bin/../lib/gcc/mingw32/6.3.0/../../../libmsvcrt.a(djpvbs01186.o)
 .bss           0x0040d074        0x0 c:/mingw/bin/../lib/gcc/mingw32/6.3.0/../../../libmsvcrt.a(djpvbs01184.o)
 .bss           0x0040d074        0x0 c:/mingw/bin/../lib/gcc/mingw32/6.3.0/../../../libmsvcrt.a(djpvbs01142.o)
 .bss           0x0040d074        0x0 c:/mingw/bin/../lib/gcc/mingw32/6.3.0/../../../libmsvcrt.a(djpvbs01131.o)
 .bss           0x0040d074        0x0 c:/mingw/bin/../lib/gcc/mingw32/6.3.0/../../../libmsvcrt.a(djpvbs01126.o)
 .bss           0x0040d074        0x0 c:/mingw/bin/../lib/gcc/mingw32/6.3.0/../../../libmsvcrt.a(djpvbs01124.o)
 .bss           0x0040d074        0x0 c:/mingw/bin/../lib/gcc/mingw32/6.3.0/../../../libmsvcrt.a(djpvbs01122.o)
 .bss           0x0040d074        0x0 c:/mingw/bin/../lib/gcc/mingw32/6.3.0/../../../libmsvcrt.a(djpvbs01111.o)
 .bss           0x0040d074        0x0 c:/mingw/bin/../lib/gcc/mingw32/6.3.0/../../../libmsvcrt.a(djpvbs01109.o)
 .bss           0x0040d074        0x0 c:/mingw/bin/../lib/gcc/mingw32/6.3.0/../../../libmsvcrt.a(djpvbs01107.o)
 .bss           0x0040d074        0x0 c:/mingw/bin/../lib/gcc/mingw32/6.3.0/../../../libmsvcrt.a(djpvbs01103.o)
 .bss           0x0040d074        0x0 c:/mingw/bin/../lib/gcc/mingw32/6.3.0/../../../libmsvcrt.a(djpvbs01098.o)
 .bss           0x0040d074        0x0 c:/mingw/bin/../lib/gcc/mingw32/6.3.0/../../../libmsvcrt.a(djpvbs01091.o)
 .bss           0x0040d074        0x0 c:/mingw/bin/../lib/gcc/mingw32/6.3.0/../../../libmsvcrt.a(djpvbs01083.o)
 .bss           0x0040d074        0x0 c:/mingw/bin/../lib/gcc/mingw32/6.3.0/../../../libmsvcrt.a(djpvbs00753.o)
 .bss           0x0040d074        0x0 c:/mingw/bin/../lib/gcc/mingw32/6.3.0/../../../libmsvcrt.a(djpvbs00749.o)
 .bss           0x0040d074        0x0 c:/mingw/bin/../lib/gcc/mingw32/6.3.0/../../../libmsvcrt.a(djpvbs00698.o)
 .bss           0x0040d074        0x0 c:/mingw/bin/../lib/gcc/mingw32/6.3.0/../../../libmsvcrt.a(djpvbs00689.o)
 .bss           0x0040d074        0x0 c:/mingw/bin/../lib/gcc/mingw32/6.3.0/../../../libmsvcrt.a(djpvbs00422.o)
 .bss           0x0040d074        0x0 c:/mingw/bin/../lib/gcc/mingw32/6.3.0/../../../libmsvcrt.a(djpvbs00417.o)
 .bss           0x0040d074        0x0 c:/mingw/bin/../lib/gcc/mingw32/6.3.0/../../../libmsvcrt.a(djpvbs00350.o)
 .bss           0x0040d074        0x0 c:/mingw/bin/../lib/gcc/mingw32/6.3.0/../../../libmsvcrt.a(djpvbs00324.o)
 .bss           0x0040d074        0x0 c:/mingw/bin/../lib/gcc/mingw32/6.3.0/../../../libmsvcrt.a(djpvbs00285.o)
 .bss           0x0040d074        0x0 c:/mingw/bin/../lib/gcc/mingw32/6.3.0/../../../libmsvcrt.a(djpvbs00219.o)
 .bss           0x0040d074        0x0 c:/mingw/bin/../lib/gcc/mingw32/6.3.0/../../../libmsvcrt.a(djpvbs00153.o)
 .bss           0x0040d074        0x0 c:/mingw/bin/../lib/gcc/mingw32/6.3.0/../../../libmsvcrt.a(djpvbs00133.o)
 .bss           0x0040d074        0x0 c:/mingw/bin/../lib/gcc/mingw32/6.3.0/../../../libmsvcrt.a(djpvbs00131.o)
 .bss           0x0040d074        0x0 c:/mingw/bin/../lib/gcc/mingw32/6.3.0/../../../libmsvcrt.a(djpvbs00119.o)
 .bss           0x0040d074        0x0 c:/mingw/bin/../lib/gcc/mingw32/6.3.0/../../../libmsvcrt.a(djpvbs00088.o)
 .bss           0x0040d074        0x0 c:/mingw/bin/../lib/gcc/mingw32/6.3.0/../../../libmsvcrt.a(djpvbh.o)
 .bss           0x0040d074        0x0 c:/mingw/bin/../lib/gcc/mingw32/6.3.0/../../../libmsvcrt.a(djpvbt.o)
 .bss           0x0040d074        0x0 c:/mingw/bin/../lib/gcc/mingw32/6.3.0/../../../libkernel32.a(dujcs01215.o)
 .bss           0x0040d074        0x0 c:/mingw/bin/../lib/gcc/mingw32/6.3.0/../../../libkernel32.a(dujcs01213.o)
 .bss           0x0040d074        0x0 c:/mingw/bin/../lib/gcc/mingw32/6.3.0/../../../libkernel32.a(dujcs01173.o)
 .bss           0x0040d074        0x0 c:/mingw/bin/../lib/gcc/mingw32/6.3.0/../../../libkernel32.a(dujcs01140.o)
 .bss           0x0040d074        0x0 c:/mingw/bin/../lib/gcc/mingw32/6.3.0/../../../libkernel32.a(dujcs00817.o)
 .bss           0x0040d074        0x0 c:/mingw/bin/../lib/gcc/mingw32/6.3.0/../../../libkernel32.a(dujcs00814.o)
 .bss           0x0040d074        0x0 c:/mingw/bin/../lib/gcc/mingw32/6.3.0/../../../libkernel32.a(dujcs00734.o)
 .bss           0x0040d074        0x0 c:/mingw/bin/../lib/gcc/mingw32/6.3.0/../../../libkernel32.a(dujcs00577.o)
 .bss           0x0040d074        0x0 c:/mingw/bin/../lib/gcc/mingw32/6.3.0/../../../libkernel32.a(dujcs00529.o)
 .bss           0x0040d074        0x0 c:/mingw/bin/../lib/gcc/mingw32/6.3.0/../../../libkernel32.a(dujcs00510.o)
 .bss           0x0040d074        0x0 c:/mingw/bin/../lib/gcc/mingw32/6.3.0/../../../libkernel32.a(dujcs00388.o)
 .bss           0x0040d074        0x0 c:/mingw/bin/../lib/gcc/mingw32/6.3.0/../../../libkernel32.a(dujcs00352.o)
 .bss           0x0040d074        0x0 c:/mingw/bin/../lib/gcc/mingw32/6.3.0/../../../libkernel32.a(dujcs00321.o)
 .bss           0x0040d074        0x0 c:/mingw/bin/../lib/gcc/mingw32/6.3.0/../../../libkernel32.a(dujcs00304.o)
 .bss           0x0040d074        0x0 c:/mingw/bin/../lib/gcc/mingw32/6.3.0/../../../libkernel32.a(dujcs00300.o)
 .bss           0x0040d074        0x0 c:/mingw/bin/../lib/gcc/mingw32/6.3.0/../../../libkernel32.a(dujcs00279.o)
 .bss           0x0040d074        0x0 c:/mingw/bin/../lib/gcc/mingw32/6.3.0/../../../libkernel32.a(dujcs00236.o)
 .bss           0x0040d074        0x0 c:/mingw/bin/../lib/gcc/mingw32/6.3.0/../../../libkernel32.a(dujcs00207.o)
 .bss           0x0040d074        0x0 c:/mingw/bin/../lib/gcc/mingw32/6.3.0/../../../libkernel32.a(dujch.o)
 .bss           0x0040d074        0x0 c:/mingw/bin/../lib/gcc/mingw32/6.3.0/../../../libkernel32.a(dujct.o)
 .bss           0x0040d074        0x0 c:/mingw/bin/../lib/gcc/mingw32/6.3.0/../../../libmoldname.a(dagwbs00082.o)
 .bss           0x0040d074        0x0 c:/mingw/bin/../lib/gcc/mingw32/6.3.0/../../../libmoldname.a(dagwbs00080.o)
 .bss           0x0040d074        0x0 c:/mingw/bin/../lib/gcc/mingw32/6.3.0/../../../libmoldname.a(dagwbh.o)
 .bss           0x0040d074        0x0 c:/mingw/bin/../lib/gcc/mingw32/6.3.0/../../../libmoldname.a(dagwbt.o)
 .bss           0x0040d074        0x0 c:/mingw/bin/../lib/gcc/mingw32/6.3.0/crtend.o
 *(COMMON)
 COMMON         0x0040d074        0x4 c:/mingw/bin/../lib/gcc/mingw32/6.3.0/crtbegin.o
                0x0040d074                hmod_libgcc
 *fill*         0x0040d078        0x8 
 COMMON         0x0040d080       0x68 build\utest\obj\unity.o
                0x0040d080                Unity
 COMMON         0x0040d0e8        0x0 c:/mingw/bin/../lib/gcc/mingw32/6.3.0/libgcc.a(_ctors.o)
                0x0040d0e8                __bss_end__ = .

.edata
 *(.edata)

/DISCARD/
 *(.debug$S)
 *(.debug$T)
 *(.debug$F)
 *(.drectve)
 *(.note.GNU-stack)
 *(.gnu.lto_*)

.idata          0x0040e000      0x800
 SORT(*)(.idata$2)
 .idata$2       0x0040e000       0x14 c:/mingw/bin/../lib/gcc/mingw32/6.3.0/../../../libkernel32.a(dujch.o)
                0x0040e000                _head_libkernel32_a
 .idata$2       0x0040e014       0x14 c:/mingw/bin/../lib/gcc/mingw32/6.3.0/../../../libmoldname.a(dagwbh.o)
                0x0040e014                _head_libmoldname_a
 .idata$2       0x0040e028       0x14 c:/mingw/bin/../lib/gcc/mingw32/6.3.0/../../../libmsvcrt.a(djpvbh.o)
                0x0040e028                _head_libmsvcrt_a
 SORT(*)(.idata$3)
                0x0040e03c        0x4 LONG 0x0
                0x0040e040        0x4 LONG 0x0
                0x0040e044        0x4 LONG 0x0
                0x0040e048        0x4 LONG 0x0
                0x0040e04c        0x4 LONG 0x0
 SORT(*)(.idata$4)
 .idata$4       0x0040e050        0x0 c:/mingw/bin/../lib/gcc/mingw32/6.3.0/../../../libkernel32.a(dujch.o)
 .idata$4       0x0040e050        0x4 c:/mingw/bin/../lib/gcc/mingw32/6.3.0/../../../libkernel32.a(dujcs00207.o)
 .idata$4       0x0040e054        0x4 c:/mingw/bin/../lib/gcc/mingw32/6.3.0/../../../libkernel32.a(dujcs00236.o)
 .idata$4       0x0040e058        0x4 c:/mingw/bin/../lib/gcc/mingw32/6.3.0/../../../libkernel32.a(dujcs00279.o)
 .idata$4       0x0040e05c        0x4 c:/mingw/bin/../lib/gcc/mingw32/6.3.0/../../../libkernel32.a(dujcs00300.o)
 .idata$4       0x0040e060        0x4 c:/mingw/bin/../lib/gcc/mingw32/6.3.0/../../../libkernel32.a(dujcs00304.o)
 .idata$4       0x0040e064        0x4 c:/mingw/bin/../lib/gcc/mingw32/6.3.0/../../../libkernel32.a(dujcs00321.o)
 .idata$4       0x0040e068        0x4 c:/mingw/bin/../lib/gcc/mingw32/6.3.0/../../../libkernel32.a(dujcs00352.o)
 .idata$4       0x0040e06c        0x4 c:/mingw/bin/../lib/gcc/mingw32/6.3.0/../../../libkernel32.a(dujcs00388.o)
 .idata$4       0x0040e070        0x4 c:/mingw/bin/../lib/gcc/mingw32/6.3.0/../../../libkernel32.a(dujcs00510.o)
 .idata$4       0x0040e074        0x4 c:/mingw/bin/../lib/gcc/mingw32/6.3.0/../../../libkernel32.a(dujcs00529.o)
 .idata$4       0x0040e078        0x4 c:/mingw/bin/../lib/gcc/mingw32/6.3.0/../../../libkernel32.a(dujcs00577.o)
 .idata$4       0x0040e07c        0x4 c:/mingw/bin/../lib/gcc/mingw32/6.3.0/../../../libkernel32.a(dujcs00734.o)
 .idata$4       0x0040e080        0x4 c:/mingw/bin/../lib/gcc/mingw32/6.3.0/../../../libkernel32.a(dujcs00814.o)
 .idata$4       0x0040e084        0x4 c:/mingw/bin/../lib/gcc/mingw32/6.3.0/../../../libkernel32.a(dujcs00817.o)
 .idata$4       0x0040e088        0x4 c:/mingw/bin/../lib/gcc/mingw32/6.3.0/../../../libkernel32.a(dujcs01140.o)
 .idata$4       0x0040e08c        0x4 c:/mingw/bin/../lib/gcc/mingw32/6.3.0/../../../libkernel32.a(dujcs01173.o)
 .idata$4       0x0040e090        0x4 c:/mingw/bin/../lib/gcc/mingw32/6.3.0/../../../libkernel32.a(dujcs01213.o)
 .idata$4       0x0040e094        0x4 c:/mingw/bin/../lib/gcc/mingw32/6.3.0/../../../libkernel32.a(dujcs01215.o)
 .idata$4       0x0040e098        0x4 c:/mingw/bin/../lib/gcc/mingw32/6.3.0/../../../libkernel32.a(dujct.o)
 .idata$4       0x0040e09c        0x0 c:/mingw/bin/../lib/gcc/mingw32/6.3.0/../../../libmoldname.a(dagwbh.o)
 .idata$4       0x0040e09c        0x4 c:/mingw/bin/../lib/gcc/mingw32/6.3.0/../../../libmoldname.a(dagwbs00080.o)
 .idata$4       0x0040e0a0        0x4 c:/mingw/bin/../lib/gcc/mingw32/6.3.0/../../../libmoldname.a(dagwbs00082.o)
 .idata$4       0x0040e0a4        0x4 c:/mingw/bin/../lib/gcc/mingw32/6.3.0/../../../libmoldname.a(dagwbt.o)
 .idata$4       0x0040e0a8        0x0 c:/mingw/bin/../lib/gcc/mingw32/6.3.0/../../../libmsvcrt.a(djpvbh.o)
 .idata$4       0x0040e0a8        0x4 c:/mingw/bin/../lib/gcc/mingw32/6.3.0/../../../libmsvcrt.a(djpvbs00088.o)
 .idata$4       0x0040e0ac        0x4 c:/mingw/bin/../lib/gcc/mingw32/6.3.0/../../../libmsvcrt.a(djpvbs00119.o)
 .idata$4       0x0040e0b0        0x4 c:/mingw/bin/../lib/gcc/mingw32/6.3.0/../../../libmsvcrt.a(djpvbs00131.o)
 .idata$4       0x0040e0b4        0x4 c:/mingw/bin/../lib/gcc/mingw32/6.3.0/../../../libmsvcrt.a(djpvbs00133.o)
 .idata$4       0x0040e0b8        0x4 c:/mingw/bin/../lib/gcc/mingw32/6.3.0/../../../libmsvcrt.a(djpvbs00153.o)
 .idata$4       0x0040e0bc        0x4 c:/mingw/bin/../lib/gcc/mingw32/6.3.0/../../../libmsvcrt.a(djpvbs00219.o)
 .idata$4       0x0040e0c0        0x4 c:/mingw/bin/../lib/gcc/mingw32/6.3.0/../../../libmsvcrt.a(djpvbs00285.o)
 .idata$4       0x0040e0c4        0x4 c:/mingw/bin/../lib/gcc/mingw32/6.3.0/../../../libmsvcrt.a(djpvbs00324.o)
 .idata$4       0x0040e0c8        0x4 c:/mingw/bin/../lib/gcc/mingw32/6.3.0/../../../libmsvcrt.a(djpvbs00350.o)
 .idata$4       0x0040e0cc        0x4 c:/mingw/bin/../lib/gcc/mingw32/6.3.0/../../../libmsvcrt.a(djpvbs00417.o)
 .idata$4       0x0040e0d0        0x4 c:/mingw/bin/../lib/gcc/mingw32/6.3.0/../../../libmsvcrt.a(djpvbs00422.o)
 .idata$4       0x0040e0d4        0x4 c:/mingw/bin/../lib/gcc/mingw32/6.3.0/../../../libmsvcrt.a(djpvbs00689.o)
 .idata$4       0x0040e0d8        0x4 c:/mingw/bin/../lib/gcc/mingw32/6.3.0/../../../libmsvcrt.a(djpvbs00698.o)
 .idata$4       0x0040e0dc        0x4 c:/mingw/bin/../lib/gcc/mingw32/6.3.0/../../../libmsvcrt.a(djpvbs00749.o)
 .idata$4       0x0040e0e0        0x4 c:/mingw/bin/../lib/gcc/mingw32/6.3.0/../../../libmsvcrt.a(djpvbs00753.o)
 .idata$4       0x0040e0e4        0x4 c:/mingw/bin/../lib/gcc/mingw32/6.3.0/../../../libmsvcrt.a(djpvbs01083.o)
 .idata$4       0x0040e0e8        0x4 c:/mingw/bin/../lib/gcc/mingw32/6.3.0/../../../libmsvcrt.a(djpvbs01091.o)
 .idata$4       0x0040e0ec        0x4 c:/mingw/bin/../lib/gcc/mingw32/6.3.0/../../../libmsvcrt.a(djpvbs01098.o)
 .idata$4       0x0040e0f0        0x4 c:/mingw/bin/../lib/gcc/mingw32/6.3.0/../../../libmsvcrt.a(djpvbs01103.o)
 .idata$4       0x0040e0f4        0x4 c:/mingw/bin/../lib/gcc/mingw32/6.3.0/../../../libmsvcrt.a(djpvbs01107.o)
 .idata$4       0x0040e0f8        0x4 c:/mingw/bin/../lib/gcc/mingw32/6.3.0/../../../libmsvcrt.a(djpvbs01109.o)
 .idata$4       0x0040e0fc        0x4 c:/mingw/bin/../lib/gcc/mingw32/6.3.0/../../../libmsvcrt.a(djpvbs01111.o)
 .idata$4       0x0040e100        0x4 c:/mingw/bin/../lib/gcc/mingw32/6.3.0/../../../libmsvcrt.a(djpvbs01122.o)
 .idata$4       0x0040e104        0x4 c:/mingw/bin/../lib/gcc/mingw32/6.3.0/../../../libmsvcrt.a(djpvbs01124.o)
 .idata$4       0x0040e108        0x4 c:/mingw/bin/../lib/gcc/mingw32/6.3.0/../../../libmsvcrt.a(djpvbs01126.o)
 .idata$4       0x0040e10c        0x4 c:/mingw/bin/../lib/gcc/mingw32/6.3.0/../../../libmsvcrt.a(djpvbs01131.o)
 .idata$4       0x0040e110        0x4 c:/mingw/bin/../lib/gcc/mingw32/6.3.0/../../../libmsvcrt.a(djpvbs01142.o)
 .idata$4       0x0040e114        0x4 c:/mingw/bin/../lib/gcc/mingw32/6.3.0/../../../libmsvcrt.a(djpvbs01184.o)
 .idata$4       0x0040e118        0x4 c:/mingw/bin/../lib/gcc/mingw32/6.3.0/../../../libmsvcrt.a(djpvbs01186.o)
 .idata$4       0x0040e11c        0x4 c:/mingw/bin/../lib/gcc/mingw32/6.3.0/../../../libmsvcrt.a(djpvbs01187.o)
 .idata$4       0x0040e120        0x4 c:/mingw/bin/../lib/gcc/mingw32/6.3.0/../../../libmsvcrt.a(djpvbs01194.o)
 .idata$4       0x0040e124        0x4 c:/mingw/bin/../lib/gcc/mingw32/6.3.0/../../../libmsvcrt.a(djpvbs01199.o)
 .idata$4       0x0040e128        0x4 c:/mingw/bin/../lib/gcc/mingw32/6.3.0/../../../libmsvcrt.a(djpvbs01203.o)
 .idata$4       0x0040e12c        0x4 c:/mingw/bin/../lib/gcc/mingw32/6.3.0/../../../libmsvcrt.a(djpvbs01207.o)
 .idata$4       0x0040e130        0x4 c:/mingw/bin/../lib/gcc/mingw32/6.3.0/../../../libmsvcrt.a(djpvbs01208.o)
 .idata$4       0x0040e134        0x4 c:/mingw/bin/../lib/gcc/mingw32/6.3.0/../../../libmsvcrt.a(djpvbs01211.o)
 .idata$4       0x0040e138        0x4 c:/mingw/bin/../lib/gcc/mingw32/6.3.0/../../../libmsvcrt.a(djpvbs01212.o)
 .idata$4       0x0040e13c        0x4 c:/mingw/bin/../lib/gcc/mingw32/6.3.0/../../../libmsvcrt.a(djpvbs01218.o)
 .idata$4       0x0040e140        0x4 c:/mingw/bin/../lib/gcc/mingw32/6.3.0/../../../libmsvcrt.a(djpvbs01220.o)
 .idata$4       0x0040e144        0x4 c:/mingw/bin/../lib/gcc/mingw32/6.3.0/../../../libmsvcrt.a(djpvbs01227.o)
 .idata$4       0x0040e148        0x4 c:/mingw/bin/../lib/gcc/mingw32/6.3.0/../../../libmsvcrt.a(djpvbs01229.o)
 .idata$4       0x0040e14c        0x4 c:/mingw/bin/../lib/gcc/mingw32/6.3.0/../../../libmsvcrt.a(djpvbs01230.o)
 .idata$4       0x0040e150        0x4 c:/mingw/bin/../lib/gcc/mingw32/6.3.0/../../../libmsvcrt.a(djpvbs01234.o)
 .idata$4       0x0040e154        0x4 c:/mingw/bin/../lib/gcc/mingw32/6.3.0/../../../libmsvcrt.a(djpvbs01235.o)
 .idata$4       0x0040e158        0x4 c:/mingw/bin/../lib/gcc/mingw32/6.3.0/../../../libmsvcrt.a(djpvbs01242.o)
 .idata$4       0x0040e15c        0x4 c:/mingw/bin/../lib/gcc/mingw32/6.3.0/../../../libmsvcrt.a(djpvbs01249.o)
 .idata$4       0x0040e160        0x4 c:/mingw/bin/../lib/gcc/mingw32/6.3.0/../../../libmsvcrt.a(djpvbs01272.o)
 .idata$4       0x0040e164        0x4 c:/mingw/bin/../lib/gcc/mingw32/6.3.0/../../../libmsvcrt.a(djpvbs01277.o)
 .idata$4       0x0040e168        0x4 c:/mingw/bin/../lib/gcc/mingw32/6.3.0/../../../libmsvcrt.a(djpvbs01284.o)
 .idata$4       0x0040e16c        0x4 c:/mingw/bin/../lib/gcc/mingw32/6.3.0/../../../libmsvcrt.a(djpvbs01325.o)
 .idata$4       0x0040e170        0x4 c:/mingw/bin/../lib/gcc/mingw32/6.3.0/../../../libmsvcrt.a(djpvbt.o)
                0x0040e174                __IAT_start__ = .
 SORT(*)(.idata$5)
 .idata$5       0x0040e174        0x0 c:/mingw/bin/../lib/gcc/mingw32/6.3.0/../../../libkernel32.a(dujch.o)
 .idata$5       0x0040e174        0x4 c:/mingw/bin/../lib/gcc/mingw32/6.3.0/../../../libkernel32.a(dujcs00207.o)
                0x0040e174                _imp__DeleteCriticalSection@4
 .idata$5       0x0040e178        0x4 c:/mingw/bin/../lib/gcc/mingw32/6.3.0/../../../libkernel32.a(dujcs00236.o)
                0x0040e178                _imp__EnterCriticalSection@4
 .idata$5       0x0040e17c        0x4 c:/mingw/bin/../lib/gcc/mingw32/6.3.0/../../../libkernel32.a(dujcs00279.o)
                0x0040e17c                _imp__ExitProcess@4
 .idata$5       0x0040e180        0x4 c:/mingw/bin/../lib/gcc/mingw32/6.3.0/../../../libkernel32.a(dujcs00300.o)
                0x0040e180                _imp__FindClose@4
 .idata$5       0x0040e184        0x4 c:/mingw/bin/../lib/gcc/mingw32/6.3.0/../../../libkernel32.a(dujcs00304.o)
                0x0040e184                _imp__FindFirstFileA@8
 .idata$5       0x0040e188        0x4 c:/mingw/bin/../lib/gcc/mingw32/6.3.0/../../../libkernel32.a(dujcs00321.o)
                0x0040e188                _imp__FindNextFileA@8
 .idata$5       0x0040e18c        0x4 c:/mingw/bin/../lib/gcc/mingw32/6.3.0/../../../libkernel32.a(dujcs00352.o)
                0x0040e18c                _imp__FreeLibrary@4
 .idata$5       0x0040e190        0x4 c:/mingw/bin/../lib/gcc/mingw32/6.3.0/../../../libkernel32.a(dujcs00388.o)
                0x0040e190                _imp__GetCommandLineA@0
 .idata$5       0x0040e194        0x4 c:/mingw/bin/../lib/gcc/mingw32/6.3.0/../../../libkernel32.a(dujcs00510.o)
                0x0040e194                _imp__GetLastError@0
 .idata$5       0x0040e198        0x4 c:/mingw/bin/../lib/gcc/mingw32/6.3.0/../../../libkernel32.a(dujcs00529.o)
                0x0040e198                _imp__GetModuleHandleA@4
 .idata$5       0x0040e19c        0x4 c:/mingw/bin/../lib/gcc/mingw32/6.3.0/../../../libkernel32.a(dujcs00577.o)
                0x0040e19c                _imp__GetProcAddress@8
 .idata$5       0x0040e1a0        0x4 c:/mingw/bin/../lib/gcc/mingw32/6.3.0/../../../libkernel32.a(dujcs00734.o)
                0x0040e1a0                _imp__InitializeCriticalSection@4
 .idata$5       0x0040e1a4        0x4 c:/mingw/bin/../lib/gcc/mingw32/6.3.0/../../../libkernel32.a(dujcs00814.o)
                0x0040e1a4                _imp__LeaveCriticalSection@4
 .idata$5       0x0040e1a8        0x4 c:/mingw/bin/../lib/gcc/mingw32/6.3.0/../../../libkernel32.a(dujcs00817.o)
                0x0040e1a8                _imp__LoadLibraryA@4
 .idata$5       0x0040e1ac        0x4 c:/mingw/bin/../lib/gcc/mingw32/6.3.0/../../../libkernel32.a(dujcs01140.o)
                0x0040e1ac                _imp__SetUnhandledExceptionFilter@4
 .idata$5       0x0040e1b0        0x4 c:/mingw/bin/../lib/gcc/mingw32/6.3.0/../../../libkernel32.a(dujcs01173.o)
                0x0040e1b0                _imp__TlsGetValue@4
 .idata$5       0x0040e1b4        0x4 c:/mingw/bin/../lib/gcc/mingw32/6.3.0/../../../libkernel32.a(dujcs01213.o)
                0x0040e1b4                _imp__VirtualProtect@16
 .idata$5       0x0040e1b8        0x4 c:/mingw/bin/../lib/gcc/mingw32/6.3.0/../../../libkernel32.a(dujcs01215.o)
                0x0040e1b8                _imp__VirtualQuery@12
 .idata$5       0x0040e1bc        0x4 c:/mingw/bin/../lib/gcc/mingw32/6.3.0/../../../libkernel32.a(dujct.o)
 .idata$5       0x0040e1c0        0x0 c:/mingw/bin/../lib/gcc/mingw32/6.3.0/../../../libmoldname.a(dagwbh.o)
 .idata$5       0x0040e1c0        0x4 c:/mingw/bin/../lib/gcc/mingw32/6.3.0/../../../libmoldname.a(dagwbs00080.o)
                0x0040e1c0                _imp__strdup
 .idata$5       0x0040e1c4        0x4 c:/mingw/bin/../lib/gcc/mingw32/6.3.0/../../../libmoldname.a(dagwbs00082.o)
                0x0040e1c4                _imp__stricoll
 .idata$5       0x0040e1c8        0x4 c:/mingw/bin/../lib/gcc/mingw32/6.3.0/../../../libmoldname.a(dagwbt.o)
 .idata$5       0x0040e1cc        0x0 c:/mingw/bin/../lib/gcc/mingw32/6.3.0/../../../libmsvcrt.a(djpvbh.o)
 .idata$5       0x0040e1cc        0x4 c:/mingw/bin/../lib/gcc/mingw32/6.3.0/../../../libmsvcrt.a(djpvbs00088.o)
                0x0040e1cc                _imp____getmainargs
 .idata$5       0x0040e1d0        0x4 c:/mingw/bin/../lib/gcc/mingw32/6.3.0/../../../libmsvcrt.a(djpvbs00119.o)
                0x0040e1d0                _imp____mb_cur_max
 .idata$5       0x0040e1d4        0x4 c:/mingw/bin/../lib/gcc/mingw32/6.3.0/../../../libmsvcrt.a(djpvbs00131.o)
                0x0040e1d4                _imp____p__environ
 .idata$5       0x0040e1d8        0x4 c:/mingw/bin/../lib/gcc/mingw32/6.3.0/../../../libmsvcrt.a(djpvbs00133.o)
                0x0040e1d8                _imp____p__fmode
 .idata$5       0x0040e1dc        0x4 c:/mingw/bin/../lib/gcc/mingw32/6.3.0/../../../libmsvcrt.a(djpvbs00153.o)
                0x0040e1dc                _imp____set_app_type
 .idata$5       0x0040e1e0        0x4 c:/mingw/bin/../lib/gcc/mingw32/6.3.0/../../../libmsvcrt.a(djpvbs00219.o)
                0x0040e1e0                _imp___cexit
 .idata$5       0x0040e1e4        0x4 c:/mingw/bin/../lib/gcc/mingw32/6.3.0/../../../libmsvcrt.a(djpvbs00285.o)
                0x0040e1e4                _imp___errno
 .idata$5       0x0040e1e8        0x4 c:/mingw/bin/../lib/gcc/mingw32/6.3.0/../../../libmsvcrt.a(djpvbs00324.o)
                0x0040e1e8                _imp___fpreset
 .idata$5       0x0040e1ec        0x4 c:/mingw/bin/../lib/gcc/mingw32/6.3.0/../../../libmsvcrt.a(djpvbs00350.o)
                0x0040e1ec                _imp___fullpath
 .idata$5       0x0040e1f0        0x4 c:/mingw/bin/../lib/gcc/mingw32/6.3.0/../../../libmsvcrt.a(djpvbs00417.o)
                0x0040e1f0                _imp___iob
 .idata$5       0x0040e1f4        0x4 c:/mingw/bin/../lib/gcc/mingw32/6.3.0/../../../libmsvcrt.a(djpvbs00422.o)
                0x0040e1f4                _imp___isctype
 .idata$5       0x0040e1f8        0x4 c:/mingw/bin/../lib/gcc/mingw32/6.3.0/../../../libmsvcrt.a(djpvbs00689.o)
                0x0040e1f8                _imp___onexit
 .idata$5       0x0040e1fc        0x4 c:/mingw/bin/../lib/gcc/mingw32/6.3.0/../../../libmsvcrt.a(djpvbs00698.o)
                0x0040e1fc                _imp___pctype
 .idata$5       0x0040e200        0x4 c:/mingw/bin/../lib/gcc/mingw32/6.3.0/../../../libmsvcrt.a(djpvbs00749.o)
                0x0040e200                _imp___setjmp
 .idata$5       0x0040e204        0x4 c:/mingw/bin/../lib/gcc/mingw32/6.3.0/../../../libmsvcrt.a(djpvbs00753.o)
                0x0040e204                _imp___setmode
 .idata$5       0x0040e208        0x4 c:/mingw/bin/../lib/gcc/mingw32/6.3.0/../../../libmsvcrt.a(djpvbs01083.o)
                0x0040e208                _imp__abort
 .idata$5       0x0040e20c        0x4 c:/mingw/bin/../lib/gcc/mingw32/6.3.0/../../../libmsvcrt.a(djpvbs01091.o)
                0x0040e20c                _imp__atexit
 .idata$5       0x0040e210        0x4 c:/mingw/bin/../lib/gcc/mingw32/6.3.0/../../../libmsvcrt.a(djpvbs01098.o)
                0x0040e210                _imp__calloc
 .idata$5       0x0040e214        0x4 c:/mingw/bin/../lib/gcc/mingw32/6.3.0/../../../libmsvcrt.a(djpvbs01103.o)
                0x0040e214                _imp__cos
 .idata$5       0x0040e218        0x4 c:/mingw/bin/../lib/gcc/mingw32/6.3.0/../../../libmsvcrt.a(djpvbs01107.o)
                0x0040e218                _imp__div
 .idata$5       0x0040e21c        0x4 c:/mingw/bin/../lib/gcc/mingw32/6.3.0/../../../libmsvcrt.a(djpvbs01109.o)
                0x0040e21c                _imp__exp
 .idata$5       0x0040e220        0x4 c:/mingw/bin/../lib/gcc/mingw32/6.3.0/../../../libmsvcrt.a(djpvbs01111.o)
                0x0040e220                _imp__fclose
 .idata$5       0x0040e224        0x4 c:/mingw/bin/../lib/gcc/mingw32/6.3.0/../../../libmsvcrt.a(djpvbs01122.o)
                0x0040e224                _imp__fopen
 .idata$5       0x0040e228        0x4 c:/mingw/bin/../lib/gcc/mingw32/6.3.0/../../../libmsvcrt.a(djpvbs01124.o)
                0x0040e228                _imp__fprintf
 .idata$5       0x0040e22c        0x4 c:/mingw/bin/../lib/gcc/mingw32/6.3.0/../../../libmsvcrt.a(djpvbs01126.o)
                0x0040e22c                _imp__fputc
 .idata$5       0x0040e230        0x4 c:/mingw/bin/../lib/gcc/mingw32/6.3.0/../../../libmsvcrt.a(djpvbs01131.o)
                0x0040e230                _imp__free
 .idata$5       0x0040e234        0x4 c:/mingw/bin/../lib/gcc/mingw32/6.3.0/../../../libmsvcrt.a(djpvbs01142.o)
                0x0040e234                _imp__fwrite
 .idata$5       0x0040e238        0x4 c:/mingw/bin/../lib/gcc/mingw32/6.3.0/../../../libmsvcrt.a(djpvbs01184.o)
                0x0040e238                _imp__log
 .idata$5       0x0040e23c        0x4 c:/mingw/bin/../lib/gcc/mingw32/6.3.0/../../../libmsvcrt.a(djpvbs01186.o)
                0x0040e23c                _imp__longjmp
 .idata$5       0x0040e240        0x4 c:/mingw/bin/../lib/gcc/mingw32/6.3.0/../../../libmsvcrt.a(djpvbs01187.o)
                0x0040e240                _imp__malloc
 .idata$5       0x0040e244        0x4 c:/mingw/bin/../lib/gcc/mingw32/6.3.0/../../../libmsvcrt.a(djpvbs01194.o)
                0x0040e244                _imp__mbstowcs
 .idata$5       0x0040e248        0x4 c:/mingw/bin/../lib/gcc/mingw32/6.3.0/../../../libmsvcrt.a(djpvbs01199.o)
                0x0040e248                _imp__memcpy
 .idata$5       0x0040e24c        0x4 c:/mingw/bin/../lib/gcc/mingw32/6.3.0/../../../libmsvcrt.a(djpvbs01203.o)
                0x0040e24c                _imp__memset
 .idata$5       0x0040e250        0x4 c:/mingw/bin/../lib/gcc/mingw32/6.3.0/../../../libmsvcrt.a(djpvbs01207.o)
                0x0040e250                _imp__pow
 .idata$5       0x0040e254        0x4 c:/mingw/bin/../lib/gcc/mingw32/6.3.0/../../../libmsvcrt.a(djpvbs01208.o)
                0x0040e254                _imp__printf
 .idata$5       0x0040e258        0x4 c:/mingw/bin/../lib/gcc/mingw32/6.3.0/../../../libmsvcrt.a(djpvbs01211.o)
                0x0040e258                _imp__putchar
 .idata$5       0x0040e25c        0x4 c:/mingw/bin/../lib/gcc/mingw32/6.3.0/../../../libmsvcrt.a(djpvbs01212.o)
                0x0040e25c                _imp__puts
 .idata$5       0x0040e260        0x4 c:/mingw/bin/../lib/gcc/mingw32/6.3.0/../../../libmsvcrt.a(djpvbs01218.o)
                0x0040e260                _imp__rand
 .idata$5       0x0040e264        0x4 c:/mingw/bin/../lib/gcc/mingw32/6.3.0/../../../libmsvcrt.a(djpvbs01220.o)
                0x0040e264                _imp__realloc
 .idata$5       0x0040e268        0x4 c:/mingw/bin/../lib/gcc/mingw32/6.3.0/../../../libmsvcrt.a(djpvbs01227.o)
                0x0040e268                _imp__setlocale
 .idata$5       0x0040e26c        0x4 c:/mingw/bin/../lib/gcc/mingw32/6.3.0/../../../libmsvcrt.a(djpvbs01229.o)
                0x0040e26c                _imp__signal
 .idata$5       0x0040e270        0x4 c:/mingw/bin/../lib/gcc/mingw32/6.3.0/../../../libmsvcrt.a(djpvbs01230.o)
                0x0040e270                _imp__sin
 .idata$5       0x0040e274        0x4 c:/mingw/bin/../lib/gcc/mingw32/6.3.0/../../../libmsvcrt.a(djpvbs01234.o)
                0x0040e274                _imp__sqrt
 .idata$5       0x0040e278        0x4 c:/mingw/bin/../lib/gcc/mingw32/6.3.0/../../../libmsvcrt.a(djpvbs01235.o)
                0x0040e278                _imp__srand
 .idata$5       0x0040e27c        0x4 c:/mingw/bin/../lib/gcc/mingw32/6.3.0/../../../libmsvcrt.a(djpvbs01242.o)
                0x0040e27c                _imp__strcoll
 .idata$5       0x0040e280        0x4 c:/mingw/bin/../lib/gcc/mingw32/6.3.0/../../../libmsvcrt.a(djpvbs01249.o)
                0x0040e280                _imp__strlen
 .idata$5       0x0040e284        0x4 c:/mingw/bin/../lib/gcc/mingw32/6.3.0/../../../libmsvcrt.a(djpvbs01272.o)
                0x0040e284                _imp__time
 .idata$5       0x0040e288        0x4 c:/mingw/bin/../lib/gcc/mingw32/6.3.0/../../../libmsvcrt.a(djpvbs01277.o)
                0x0040e288                _imp__tolower
 .idata$5       0x0040e28c        0x4 c:/mingw/bin/../lib/gcc/mingw32/6.3.0/../../../libmsvcrt.a(djpvbs01284.o)
                0x0040e28c                _imp__vfprintf
 .idata$5       0x0040e290        0x4 c:/mingw/bin/../lib/gcc/mingw32/6.3.0/../../../libmsvcrt.a(djpvbs01325.o)
                0x0040e290                _imp__wcstombs
 .idata$5       0x0040e294        0x4 c:/mingw/bin/../lib/gcc/mingw32/6.3.0/../../../libmsvcrt.a(djpvbt.o)
                0x0040e298                __IAT_end__ = .
 SORT(*)(.idata$6)
 .idata$6       0x0040e298       0x18 c:/mingw/bin/../lib/gcc/mingw32/6.3.0/../../../libkernel32.a(dujcs00207.o)
 .idata$6       0x0040e2b0       0x18 c:/mingw/bin/../lib/gcc/mingw32/6.3.0/../../../libkernel32.a(dujcs00236.o)
 .idata$6       0x0040e2c8        0xe c:/mingw/bin/../lib/gcc/mingw32/6.3.0/../../../libkernel32.a(dujcs00279.o)
 .idata$6       0x0040e2d6        0xc c:/mingw/bin/../lib/gcc/mingw32/6.3.0/../../../libkernel32.a(dujcs00300.o)
 .idata$6       0x0040e2e2       0x12 c:/mingw/bin/../lib/gcc/mingw32/6.3.0/../../../libkernel32.a(dujcs00304.o)
 .idata$6       0x0040e2f4       0x10 c:/mingw/bin/../lib/gcc/mingw32/6.3.0/../../../libkernel32.a(dujcs00321.o)
 .idata$6       0x0040e304        0xe c:/mingw/bin/../lib/gcc/mingw32/6.3.0/../../../libkernel32.a(dujcs00352.o)
 .idata$6       0x0040e312       0x12 c:/mingw/bin/../lib/gcc/mingw32/6.3.0/../../../libkernel32.a(dujcs00388.o)
 .idata$6       0x0040e324       0x10 c:/mingw/bin/../lib/gcc/mingw32/6.3.0/../../../libkernel32.a(dujcs00510.o)
 .idata$6       0x0040e334       0x14 c:/mingw/bin/../lib/gcc/mingw32/6.3.0/../../../libkernel32.a(dujcs00529.o)
 .idata$6       0x0040e348       0x12 c:/mingw/bin/../lib/gcc/mingw32/6.3.0/../../../libkernel32.a(dujcs00577.o)
 .idata$6       0x0040e35a       0x1c c:/mingw/bin/../lib/gcc/mingw32/6.3.0/../../../libkernel32.a(dujcs00734.o)
 .idata$6       0x0040e376       0x18 c:/mingw/bin/../lib/gcc/mingw32/6.3.0/../../../libkernel32.a(dujcs00814.o)
 .idata$6       0x0040e38e       0x10 c:/mingw/bin/../lib/gcc/mingw32/6.3.0/../../../libkernel32.a(dujcs00817.o)
 .idata$6       0x0040e39e       0x1e c:/mingw/bin/../lib/gcc/mingw32/6.3.0/../../../libkernel32.a(dujcs01140.o)
 .idata$6       0x0040e3bc        0xe c:/mingw/bin/../lib/gcc/mingw32/6.3.0/../../../libkernel32.a(dujcs01173.o)
 .idata$6       0x0040e3ca       0x12 c:/mingw/bin/../lib/gcc/mingw32/6.3.0/../../../libkernel32.a(dujcs01213.o)
 .idata$6       0x0040e3dc       0x10 c:/mingw/bin/../lib/gcc/mingw32/6.3.0/../../../libkernel32.a(dujcs01215.o)
 .idata$6       0x0040e3ec        0xa c:/mingw/bin/../lib/gcc/mingw32/6.3.0/../../../libmoldname.a(dagwbs00080.o)
 .idata$6       0x0040e3f6        0xc c:/mingw/bin/../lib/gcc/mingw32/6.3.0/../../../libmoldname.a(dagwbs00082.o)
 .idata$6       0x0040e402       0x10 c:/mingw/bin/../lib/gcc/mingw32/6.3.0/../../../libmsvcrt.a(djpvbs00088.o)
 .idata$6       0x0040e412       0x10 c:/mingw/bin/../lib/gcc/mingw32/6.3.0/../../../libmsvcrt.a(djpvbs00119.o)
 .idata$6       0x0040e422       0x10 c:/mingw/bin/../lib/gcc/mingw32/6.3.0/../../../libmsvcrt.a(djpvbs00131.o)
 .idata$6       0x0040e432        0xe c:/mingw/bin/../lib/gcc/mingw32/6.3.0/../../../libmsvcrt.a(djpvbs00133.o)
 .idata$6       0x0040e440       0x12 c:/mingw/bin/../lib/gcc/mingw32/6.3.0/../../../libmsvcrt.a(djpvbs00153.o)
 .idata$6       0x0040e452        0xa c:/mingw/bin/../lib/gcc/mingw32/6.3.0/../../../libmsvcrt.a(djpvbs00219.o)
 .idata$6       0x0040e45c        0xa c:/mingw/bin/../lib/gcc/mingw32/6.3.0/../../../libmsvcrt.a(djpvbs00285.o)
 .idata$6       0x0040e466        0xc c:/mingw/bin/../lib/gcc/mingw32/6.3.0/../../../libmsvcrt.a(djpvbs00324.o)
 .idata$6       0x0040e472        0xc c:/mingw/bin/../lib/gcc/mingw32/6.3.0/../../../libmsvcrt.a(djpvbs00350.o)
 .idata$6       0x0040e47e        0x8 c:/mingw/bin/../lib/gcc/mingw32/6.3.0/../../../libmsvcrt.a(djpvbs00417.o)
 .idata$6       0x0040e486        0xc c:/mingw/bin/../lib/gcc/mingw32/6.3.0/../../../libmsvcrt.a(djpvbs00422.o)
 .idata$6       0x0040e492        0xa c:/mingw/bin/../lib/gcc/mingw32/6.3.0/../../../libmsvcrt.a(djpvbs00689.o)
 .idata$6       0x0040e49c        0xa c:/mingw/bin/../lib/gcc/mingw32/6.3.0/../../../libmsvcrt.a(djpvbs00698.o)
 .idata$6       0x0040e4a6        0xa c:/mingw/bin/../lib/gcc/mingw32/6.3.0/../../../libmsvcrt.a(djpvbs00749.o)
 .idata$6       0x0040e4b0        0xc c:/mingw/bin/../lib/gcc/mingw32/6.3.0/../../../libmsvcrt.a(djpvbs00753.o)
 .idata$6       0x0040e4bc        0x8 c:/mingw/bin/../lib/gcc/mingw32/6.3.0/../../../libmsvcrt.a(djpvbs01083.o)
 .idata$6       0x0040e4c4        0xa c:/mingw/bin/../lib/gcc/mingw32/6.3.0/../../../libmsvcrt.a(djpvbs01091.o)
 .idata$6       0x0040e4ce        0xa c:/mingw/bin/../lib/gcc/mingw32/6.3.0/../../../libmsvcrt.a(djpvbs01098.o)
 .idata$6       0x0040e4d8        0x6 c:/mingw/bin/../lib/gcc/mingw32/6.3.0/../../../libmsvcrt.a(djpvbs01103.o)
 .idata$6       0x0040e4de        0x6 c:/mingw/bin/../lib/gcc/mingw32/6.3.0/../../../libmsvcrt.a(djpvbs01107.o)
 .idata$6       0x0040e4e4        0x6 c:/mingw/bin/../lib/gcc/mingw32/6.3.0/../../../libmsvcrt.a(djpvbs01109.o)
 .idata$6       0x0040e4ea        0xa c:/mingw/bin/../lib/gcc/mingw32/6.3.0/../../../libmsvcrt.a(djpvbs01111.o)
 .idata$6       0x0040e4f4        0x8 c:/mingw/bin/../lib/gcc/mingw32/6.3.0/../../../libmsvcrt.a(djpvbs01122.o)
 .idata$6       0x0040e4fc        0xa c:/mingw/bin/../lib/gcc/mingw32/6.3.0/../../../libmsvcrt.a(djpvbs01124.o)
 .idata$6       0x0040e506        0x8 c:/mingw/bin/../lib/gcc/mingw32/6.3.0/../../../libmsvcrt.a(djpvbs01126.o)
 .idata$6       0x0040e50e        0x8 c:/mingw/bin/../lib/gcc/mingw32/6.3.0/../../../libmsvcrt.a(djpvbs01131.o)
 .idata$6       0x0040e516        0xa c:/mingw/bin/../lib/gcc/mingw32/6.3.0/../../../libmsvcrt.a(djpvbs01142.o)
 .idata$6       0x0040e520        0x6 c:/mingw/bin/../lib/gcc/mingw32/6.3.0/../../../libmsvcrt.a(djpvbs01184.o)
 .idata$6       0x0040e526        0xa c:/mingw/bin/../lib/gcc/mingw32/6.3.0/../../../libmsvcrt.a(djpvbs01186.o)
 .idata$6       0x0040e530        0xa c:/mingw/bin/../lib/gcc/mingw32/6.3.0/../../../libmsvcrt.a(djpvbs01187.o)
 .idata$6       0x0040e53a        0xc c:/mingw/bin/../lib/gcc/mingw32/6.3.0/../../../libmsvcrt.a(djpvbs01194.o)
 .idata$6       0x0040e546        0xa c:/mingw/bin/../lib/gcc/mingw32/6.3.0/../../../libmsvcrt.a(djpvbs01199.o)
 .idata$6       0x0040e550        0xa c:/mingw/bin/../lib/gcc/mingw32/6.3.0/../../../libmsvcrt.a(djpvbs01203.o)
 .idata$6       0x0040e55a        0x6 c:/mingw/bin/../lib/gcc/mingw32/6.3.0/../../../libmsvcrt.a(djpvbs01207.o)
 .idata$6       0x0040e560        0xa c:/mingw/bin/../lib/gcc/mingw32/6.3.0/../../../libmsvcrt.a(djpvbs01208.o)
 .idata$6       0x0040e56a        0xa c:/mingw/bin/../lib/gcc/mingw32/6.3.0/../../../libmsvcrt.a(djpvbs01211.o)
 .idata$6       0x0040e574        0x8 c:/mingw/bin/../lib/gcc/mingw32/6.3.0/../../../libmsvcrt.a(djpvbs01212.o)
 .idata$6       0x0040e57c        0x8 c:/mingw/bin/../lib/gcc/mingw32/6.3.0/../../../libmsvcrt.a(djpvbs01218.o)
 .idata$6       0x0040e584        0xa c:/mingw/bin/../lib/gcc/mingw32/6.3.0/../../../libmsvcrt.a(djpvbs01220.o)
 .idata$6       0x0040e58e        0xc c:/mingw/bin/../lib/gcc/mingw32/6.3.0/../../../libmsvcrt.a(djpvbs01227.o)
 .idata$6       0x0040e59a        0xa c:/mingw/bin/../lib/gcc/mingw32/6.3.0/../../../libmsvcrt.a(djpvbs01229.o)
 .idata$6       0x0040e5a4        0x6 c:/mingw/bin/../lib/gcc/mingw32/6.3.0/../../../libmsvcrt.a(djpvbs01230.o)
 .idata$6       0x0040e5aa        0x8 c:/mingw/bin/../lib/gcc/mingw32/6.3.0/../../../libmsvcrt.a(djpvbs01234.o)
 .idata$6       0x0040e5b2        0x8 c:/mingw/bin/../lib/gcc/mingw32/6.3.0/../../../libmsvcrt.a(djpvbs01235.o)
 .idata$6       0x0040e5ba        0xa c:/mingw/bin/../lib/gcc/mingw32/6.3.0/../../../libmsvcrt.a(djpvbs01242.o)
 .idata$6       0x0040e5c4        0xa c:/mingw/bin/../lib/gcc/mingw32/6.3.0/../../../libmsvcrt.a(djpvbs01249.o)
 .idata$6       0x0040e5ce        0x8 c:/mingw/bin/../lib/gcc/mingw32/6.3.0/../../../libmsvcrt.a(djpvbs01272.o)
 .idata$6       0x0040e5d6        0xa c:/mingw/bin/../lib/gcc/mingw32/6.3.0/../../../libmsvcrt.a(djpvbs01277.o)
 .idata$6       0x0040e5e0        0xc c:/mingw/bin/../lib/gcc/mingw32/6.3.0/../../../libmsvcrt.a(djpvbs01284.o)
 .idata$6       0x0040e5ec        0xc c:/mingw/bin/../lib/gcc/mingw32/6.3.0/../../../libmsvcrt.a(djpvbs01325.o)
 SORT(*)(.idata$7)
 .idata$7       0x0040e5f8        0x4 c:/mingw/bin/../lib/gcc/mingw32/6.3.0/../../../libkernel32.a(dujcs00207.o)
 .idata$7       0x0040e5fc        0x4 c:/mingw/bin/../lib/gcc/mingw32/6.3.0/../../../libkernel32.a(dujcs00236.o)
 .idata$7       0x0040e600        0x4 c:/mingw/bin/../lib/gcc/mingw32/6.3.0/../../../libkernel32.a(dujcs00279.o)
 .idata$7       0x0040e604        0x4 c:/mingw/bin/../lib/gcc/mingw32/6.3.0/../../../libkernel32.a(dujcs00300.o)
 .idata$7       0x0040e608        0x4 c:/mingw/bin/../lib/gcc/mingw32/6.3.0/../../../libkernel32.a(dujcs00304.o)
 .idata$7       0x0040e60c        0x4 c:/mingw/bin/../lib/gcc/mingw32/6.3.0/../../../libkernel32.a(dujcs00321.o)
 .idata$7       0x0040e610        0x4 c:/mingw/bin/../lib/gcc/mingw32/6.3.0/../../../libkernel32.a(dujcs00352.o)
 .idata$7       0x0040e614        0x4 c:/mingw/bin/../lib/gcc/mingw32/6.3.0/../../../libkernel32.a(dujcs00388.o)
 .idata$7       0x0040e618        0x4 c:/mingw/bin/../lib/gcc/mingw32/6.3.0/../../../libkernel32.a(dujcs00510.o)
 .idata$7       0x0040e61c        0x4 c:/mingw/bin/../lib/gcc/mingw32/6.3.0/../../../libkernel32.a(dujcs00529.o)
 .idata$7       0x0040e620        0x4 c:/mingw/bin/../lib/gcc/mingw32/6.3.0/../../../libkernel32.a(dujcs00577.o)
 .idata$7       0x0040e624        0x4 c:/mingw/bin/../lib/gcc/mingw32/6.3.0/../../../libkernel32.a(dujcs00734.o)
 .idata$7       0x0040e628        0x4 c:/mingw/bin/../lib/gcc/mingw32/6.3.0/../../../libkernel32.a(dujcs00814.o)
 .idata$7       0x0040e62c        0x4 c:/mingw/bin/../lib/gcc/mingw32/6.3.0/../../../libkernel32.a(dujcs00817.o)
 .idata$7       0x0040e630        0x4 c:/mingw/bin/../lib/gcc/mingw32/6.3.0/../../../libkernel32.a(dujcs01140.o)
 .idata$7       0x0040e634        0x4 c:/mingw/bin/../lib/gcc/mingw32/6.3.0/../../../libkernel32.a(dujcs01173.o)
 .idata$7       0x0040e638        0x4 c:/mingw/bin/../lib/gcc/mingw32/6.3.0/../../../libkernel32.a(dujcs01213.o)
 .idata$7       0x0040e63c        0x4 c:/mingw/bin/../lib/gcc/mingw32/6.3.0/../../../libkernel32.a(dujcs01215.o)
 .idata$7       0x0040e640       0x10 c:/mingw/bin/../lib/gcc/mingw32/6.3.0/../../../libkernel32.a(dujct.o)
                0x0040e640                _libkernel32_a_iname
 .idata$7       0x0040e650        0x4 c:/mingw/bin/../lib/gcc/mingw32/6.3.0/../../../libmoldname.a(dagwbs00080.o)
 .idata$7       0x0040e654        0x4 c:/mingw/bin/../lib/gcc/mingw32/6.3.0/../../../libmoldname.a(dagwbs00082.o)
 .idata$7       0x0040e658        0xc c:/mingw/bin/../lib/gcc/mingw32/6.3.0/../../../libmoldname.a(dagwbt.o)
                0x0040e658                _libmoldname_a_iname
 .idata$7       0x0040e664        0x4 c:/mingw/bin/../lib/gcc/mingw32/6.3.0/../../../libmsvcrt.a(djpvbs00088.o)
 .idata$7       0x0040e668        0x4 c:/mingw/bin/../lib/gcc/mingw32/6.3.0/../../../libmsvcrt.a(djpvbs00119.o)
 .idata$7       0x0040e66c        0x4 c:/mingw/bin/../lib/gcc/mingw32/6.3.0/../../../libmsvcrt.a(djpvbs00131.o)
 .idata$7       0x0040e670        0x4 c:/mingw/bin/../lib/gcc/mingw32/6.3.0/../../../libmsvcrt.a(djpvbs00133.o)
 .idata$7       0x0040e674        0x4 c:/mingw/bin/../lib/gcc/mingw32/6.3.0/../../../libmsvcrt.a(djpvbs00153.o)
 .idata$7       0x0040e678        0x4 c:/mingw/bin/../lib/gcc/mingw32/6.3.0/../../../libmsvcrt.a(djpvbs00219.o)
 .idata$7       0x0040e67c        0x4 c:/mingw/bin/../lib/gcc/mingw32/6.3.0/../../../libmsvcrt.a(djpvbs00285.o)
 .idata$7       0x0040e680        0x4 c:/mingw/bin/../lib/gcc/mingw32/6.3.0/../../../libmsvcrt.a(djpvbs00324.o)
 .idata$7       0x0040e684        0x4 c:/mingw/bin/../lib/gcc/mingw32/6.3.0/../../../libmsvcrt.a(djpvbs00350.o)
 .idata$7       0x0040e688        0x4 c:/mingw/bin/../lib/gcc/mingw32/6.3.0/../../../libmsvcrt.a(djpvbs00417.o)
 .idata$7       0x0040e68c        0x4 c:/mingw/bin/../lib/gcc/mingw32/6.3.0/../../../libmsvcrt.a(djpvbs00422.o)
 .idata$7       0x0040e690        0x4 c:/mingw/bin/../lib/gcc/mingw32/6.3.0/../../../libmsvcrt.a(djpvbs00689.o)
 .idata$7       0x0040e694        0x4 c:/mingw/bin/../lib/gcc/mingw32/6.3.0/../../../libmsvcrt.a(djpvbs00698.o)
 .idata$7       0x0040e698        0x4 c:/mingw/bin/../lib/gcc/mingw32/6.3.0/../../../libmsvcrt.a(djpvbs00749.o)
 .idata$7       0x0040e69c        0x4 c:/mingw/bin/../lib/gcc/mingw32/6.3.0/../../../libmsvcrt.a(djpvbs00753.o)
 .idata$7       0x0040e6a0        0x4 c:/mingw/bin/../lib/gcc/mingw32/6.3.0/../../../libmsvcrt.a(djpvbs01083.o)
 .idata$7       0x0040e6a4        0x4 c:/mingw/bin/../lib/gcc/mingw32/6.3.0/../../../libmsvcrt.a(djpvbs01091.o)
 .idata$7       0x0040e6a8        0x4 c:/mingw/bin/../lib/gcc/mingw32/6.3.0/../../../libmsvcrt.a(djpvbs01098.o)
 .idata$7       0x0040e6ac        0x4 c:/mingw/bin/../lib/gcc/mingw32/6.3.0/../../../libmsvcrt.a(djpvbs01103.o)
 .idata$7       0x0040e6b0        0x4 c:/mingw/bin/../lib/gcc/mingw32/6.3.0/../../../libmsvcrt.a(djpvbs01107.o)
 .idata$7       0x0040e6b4        0x4 c:/mingw/bin/../lib/gcc/mingw32/6.3.0/../../../libmsvcrt.a(djpvbs01109.o)
 .idata$7       0x0040e6b8        0x4 c:/mingw/bin/../lib/gcc/mingw32/6.3.0/../../../libmsvcrt.a(djpvbs01111.o)
 .idata$7       0x0040e6bc        0x4 c:/mingw/bin/../lib/gcc/mingw32/6.3.0/../../../libmsvcrt.a(djpvbs01122.o)
 .idata$7       0x0040e6c0        0x4 c:/mingw/bin/../lib/gcc/mingw32/6.3.0/../../../libmsvcrt.a(djpvbs01124.o)
 .idata$7       0x0040e6c4        0x4 c:/mingw/bin/../lib/gcc/mingw32/6.3.0/../../../libmsvcrt.a(djpvbs01126.o)
 .idata$7       0x0040e6c8        0x4 c:/mingw/bin/../lib/gcc/mingw32/6.3.0/../../../libmsvcrt.a(djpvbs01131.o)
 .idata$7       0x0040e6cc        0x4 c:/mingw/bin/../lib/gcc/mingw32/6.3.0/../../../libmsvcrt.a(djpvbs01142.o)
 .idata$7       0x0040e6d0        0x4 c:/mingw/bin/../lib/gcc/mingw32/6.3.0/../../../libmsvcrt.a(djpvbs01184.o)
 .idata$7       0x0040e6d4        0x4 c:/mingw/bin/../lib/gcc/mingw32/6.3.0/../../../libmsvcrt.a(djpvbs01186.o)
 .idata$7       0x0040e6d8        0x4 c:/mingw/bin/../lib/gcc/mingw32/6.3.0/../../../libmsvcrt.a(djpvbs01187.o)
 .idata$7       0x0040e6dc        0x4 c:/mingw/bin/../lib/gcc/mingw32/6.3.0/../../../libmsvcrt.a(djpvbs01194.o)
 .idata$7       0x0040e6e0        0x4 c:/mingw/bin/../lib/gcc/mingw32/6.3.0/../../../libmsvcrt.a(djpvbs01199.o)
 .idata$7       0x0040e6e4        0x4 c:/mingw/bin/../lib/gcc/mingw32/6.3.0/../../../libmsvcrt.a(djpvbs01203.o)
 .idata$7       0x0040e6e8        0x4 c:/mingw/bin/../lib/gcc/mingw32/6.3.0/../../../libmsvcrt.a(djpvbs01207.o)
 .idata$7       0x0040e6ec        0x4 c:/mingw/bin/../lib/gcc/mingw32/6.3.0/../../../libmsvcrt.a(djpvbs01208.o)
 .idata$7       0x0040e6f0        0x4 c:/mingw/bin/../lib/gcc/mingw32/6.3.0/../../../libmsvcrt.a(djpvbs01211.o)
 .idata$7       0x0040e6f4        0x4 c:/mingw/bin/../lib/gcc/mingw32/6.3.0/../../../libmsvcrt.a(djpvbs01212.o)
 .idata$7       0x0040e6f8        0x4 c:/mingw/bin/../lib/gcc/mingw32/6.3.0/../../../libmsvcrt.a(djpvbs01218.o)
 .idata$7       0x0040e6fc        0x4 c:/mingw/bin/../lib/gcc/mingw32/6.3.0/../../../libmsvcrt.a(djpvbs01220.o)
 .idata$7       0x0040e700        0x4 c:/mingw/bin/../lib/gcc/mingw32/6.3.0/../../../libmsvcrt.a(djpvbs01227.o)
 .idata$7       0x0040e704        0x4 c:/mingw/bin/../lib/gcc/mingw32/6.3.0/../../../libmsvcrt.a(djpvbs01229.o)
 .idata$7       0x0040e708        0x4 c:/mingw/bin/../lib/gcc/mingw32/6.3.0/../../../libmsvcrt.a(djpvbs01230.o)
 .idata$7       0x0040e70c        0x4 c:/mingw/bin/../lib/gcc/mingw32/6.3.0/../../../libmsvcrt.a(djpvbs01234.o)
 .idata$7       0x0040e710        0x4 c:/mingw/bin/../lib/gcc/mingw32/6.3.0/../../../libmsvcrt.a(djpvbs01235.o)
 .idata$7       0x0040e714        0x4 c:/mingw/bin/../lib/gcc/mingw32/6.3.0/../../../libmsvcrt.a(djpvbs01242.o)
 .idata$7       0x0040e718        0x4 c:/mingw/bin/../lib/gcc/mingw32/6.3.0/../../../libmsvcrt.a(djpvbs01249.o)
 .idata$7       0x0040e71c        0x4 c:/mingw/bin/../lib/gcc/mingw32/6.3.0/../../../libmsvcrt.a(djpvbs01272.o)
 .idata$7       0x0040e720        0x4 c:/mingw/bin/../lib/gcc/mingw32/6.3.0/../../../libmsvcrt.a(djpvbs01277.o)
 .idata$7       0x0040e724        0x4 c:/mingw/bin/../lib/gcc/mingw32/6.3.0/../../../libmsvcrt.a(djpvbs01284.o)
 .idata$7       0x0040e728        0x4 c:/mingw/bin/../lib/gcc/mingw32/6.3.0/../../../libmsvcrt.a(djpvbs01325.o)
 .idata$7       0x0040e72c        0xc c:/mingw/bin/../lib/gcc/mingw32/6.3.0/../../../libmsvcrt.a(djpvbt.o)
                0x0040e72c                _libmsvcrt_a_iname

.CRT            0x0040f000      0x200
                0x0040f000                ___crt_xc_start__ = .
 *(SORT(.CRT$XC*))