------------------------------------------------------------
Timing Analyzer Summary
------------------------------------------------------------

Type  : Slow 1200mV 85C Model Setup 'CLK'
Slack : 15.024
TNS   : 0.000

Type  : Slow 1200mV 85C Model Setup 'ClkTxUART'
Slack : 9996.093
TNS   : 0.000

Type  : Slow 1200mV 85C Model Hold 'CLK'
Slack : 0.327
TNS   : 0.000

Type  : Slow 1200mV 85C Model Hold 'ClkTxUART'
Slack : 0.347
TNS   : 0.000

Type  : Slow 1200mV 85C Model Minimum Pulse Width 'CLK'
Slack : 9.681
TNS   : 0.000

Type  : Slow 1200mV 85C Model Minimum Pulse Width 'ClkTxUART'
Slack : 4999.759
TNS   : 0.000

Type  : Slow 1200mV 0C Model Setup 'CLK'
Slack : 15.444
TNS   : 0.000

Type  : Slow 1200mV 0C Model Setup 'ClkTxUART'
Slack : 9996.379
TNS   : 0.000

Type  : Slow 1200mV 0C Model Hold 'CLK'
Slack : 0.291
TNS   : 0.000

Type  : Slow 1200mV 0C Model Hold 'ClkTxUART'
Slack : 0.312
TNS   : 0.000

Type  : Slow 1200mV 0C Model Minimum Pulse Width 'CLK'
Slack : 9.710
TNS   : 0.000

Type  : Slow 1200mV 0C Model Minimum Pulse Width 'ClkTxUART'
Slack : 4999.767
TNS   : 0.000

Type  : Fast 1200mV 0C Model Setup 'CLK'
Slack : 17.711
TNS   : 0.000

Type  : Fast 1200mV 0C Model Setup 'ClkTxUART'
Slack : 9998.280
TNS   : 0.000

Type  : Fast 1200mV 0C Model Hold 'CLK'
Slack : 0.132
TNS   : 0.000

Type  : Fast 1200mV 0C Model Hold 'ClkTxUART'
Slack : 0.152
TNS   : 0.000

Type  : Fast 1200mV 0C Model Minimum Pulse Width 'CLK'
Slack : 9.463
TNS   : 0.000

Type  : Fast 1200mV 0C Model Minimum Pulse Width 'ClkTxUART'
Slack : 4999.748
TNS   : 0.000

------------------------------------------------------------
